Archive member included to satisfy reference by file (symbol)

/usr/lib/gcc/arm-none-eabi/11.2.0/thumb/v6-m/nofp/libgcc.a(_udivsi3.o)
                              OutPutFile/ObjFiles/uart.o (__aeabi_uidiv)
/usr/lib/gcc/arm-none-eabi/11.2.0/thumb/v6-m/nofp/libgcc.a(_dvmd_tls.o)
                              /usr/lib/gcc/arm-none-eabi/11.2.0/thumb/v6-m/nofp/libgcc.a(_udivsi3.o) (__aeabi_idiv0)
/usr/lib/gcc/arm-none-eabi/11.2.0/../../../../arm-none-eabi/lib/thumb/v6-m/nofp/libc_nano.a(lib_a-atexit.o)
                              /usr/lib/gcc/arm-none-eabi/11.2.0/../../../../arm-none-eabi/lib/thumb/v6-m/nofp/rdimon-crt0.o (atexit)
/usr/lib/gcc/arm-none-eabi/11.2.0/../../../../arm-none-eabi/lib/thumb/v6-m/nofp/libc_nano.a(lib_a-exit.o)
                              /usr/lib/gcc/arm-none-eabi/11.2.0/../../../../arm-none-eabi/lib/thumb/v6-m/nofp/rdimon-crt0.o (exit)
/usr/lib/gcc/arm-none-eabi/11.2.0/../../../../arm-none-eabi/lib/thumb/v6-m/nofp/libc_nano.a(lib_a-fini.o)
                              /usr/lib/gcc/arm-none-eabi/11.2.0/../../../../arm-none-eabi/lib/thumb/v6-m/nofp/rdimon-crt0.o (__libc_fini_array)
/usr/lib/gcc/arm-none-eabi/11.2.0/../../../../arm-none-eabi/lib/thumb/v6-m/nofp/libc_nano.a(lib_a-impure.o)
                              /usr/lib/gcc/arm-none-eabi/11.2.0/../../../../arm-none-eabi/lib/thumb/v6-m/nofp/libc_nano.a(lib_a-exit.o) (_global_impure_ptr)
/usr/lib/gcc/arm-none-eabi/11.2.0/../../../../arm-none-eabi/lib/thumb/v6-m/nofp/libc_nano.a(lib_a-init.o)
                              /usr/lib/gcc/arm-none-eabi/11.2.0/../../../../arm-none-eabi/lib/thumb/v6-m/nofp/rdimon-crt0.o (__libc_init_array)
/usr/lib/gcc/arm-none-eabi/11.2.0/../../../../arm-none-eabi/lib/thumb/v6-m/nofp/libc_nano.a(lib_a-memset.o)
                              /usr/lib/gcc/arm-none-eabi/11.2.0/../../../../arm-none-eabi/lib/thumb/v6-m/nofp/rdimon-crt0.o (memset)
/usr/lib/gcc/arm-none-eabi/11.2.0/../../../../arm-none-eabi/lib/thumb/v6-m/nofp/libc_nano.a(lib_a-putchar.o)
                              OutPutFile/ObjFiles/main.o (putchar)
/usr/lib/gcc/arm-none-eabi/11.2.0/../../../../arm-none-eabi/lib/thumb/v6-m/nofp/libc_nano.a(lib_a-putc.o)
                              /usr/lib/gcc/arm-none-eabi/11.2.0/../../../../arm-none-eabi/lib/thumb/v6-m/nofp/libc_nano.a(lib_a-putchar.o) (_putc_r)
/usr/lib/gcc/arm-none-eabi/11.2.0/../../../../arm-none-eabi/lib/thumb/v6-m/nofp/libc_nano.a(lib_a-wbuf.o)
                              /usr/lib/gcc/arm-none-eabi/11.2.0/../../../../arm-none-eabi/lib/thumb/v6-m/nofp/libc_nano.a(lib_a-putc.o) (__swbuf_r)
/usr/lib/gcc/arm-none-eabi/11.2.0/../../../../arm-none-eabi/lib/thumb/v6-m/nofp/libc_nano.a(lib_a-wsetup.o)
                              /usr/lib/gcc/arm-none-eabi/11.2.0/../../../../arm-none-eabi/lib/thumb/v6-m/nofp/libc_nano.a(lib_a-wbuf.o) (__swsetup_r)
/usr/lib/gcc/arm-none-eabi/11.2.0/../../../../arm-none-eabi/lib/thumb/v6-m/nofp/libc_nano.a(lib_a-__atexit.o)
                              /usr/lib/gcc/arm-none-eabi/11.2.0/../../../../arm-none-eabi/lib/thumb/v6-m/nofp/libc_nano.a(lib_a-atexit.o) (__register_exitproc)
/usr/lib/gcc/arm-none-eabi/11.2.0/../../../../arm-none-eabi/lib/thumb/v6-m/nofp/libc_nano.a(lib_a-__call_atexit.o)
                              /usr/lib/gcc/arm-none-eabi/11.2.0/../../../../arm-none-eabi/lib/thumb/v6-m/nofp/libc_nano.a(lib_a-__atexit.o) (__call_exitprocs)
/usr/lib/gcc/arm-none-eabi/11.2.0/../../../../arm-none-eabi/lib/thumb/v6-m/nofp/libc_nano.a(lib_a-fflush.o)
                              /usr/lib/gcc/arm-none-eabi/11.2.0/../../../../arm-none-eabi/lib/thumb/v6-m/nofp/libc_nano.a(lib_a-wbuf.o) (_fflush_r)
/usr/lib/gcc/arm-none-eabi/11.2.0/../../../../arm-none-eabi/lib/thumb/v6-m/nofp/libc_nano.a(lib_a-findfp.o)
                              /usr/lib/gcc/arm-none-eabi/11.2.0/../../../../arm-none-eabi/lib/thumb/v6-m/nofp/libc_nano.a(lib_a-putchar.o) (__sinit)
/usr/lib/gcc/arm-none-eabi/11.2.0/../../../../arm-none-eabi/lib/thumb/v6-m/nofp/libc_nano.a(lib_a-fwalk.o)
                              /usr/lib/gcc/arm-none-eabi/11.2.0/../../../../arm-none-eabi/lib/thumb/v6-m/nofp/libc_nano.a(lib_a-findfp.o) (_fwalk)
/usr/lib/gcc/arm-none-eabi/11.2.0/../../../../arm-none-eabi/lib/thumb/v6-m/nofp/libc_nano.a(lib_a-lock.o)
                              /usr/lib/gcc/arm-none-eabi/11.2.0/../../../../arm-none-eabi/lib/thumb/v6-m/nofp/libc_nano.a(lib_a-findfp.o) (__retarget_lock_init_recursive)
/usr/lib/gcc/arm-none-eabi/11.2.0/../../../../arm-none-eabi/lib/thumb/v6-m/nofp/libc_nano.a(lib_a-makebuf.o)
                              /usr/lib/gcc/arm-none-eabi/11.2.0/../../../../arm-none-eabi/lib/thumb/v6-m/nofp/libc_nano.a(lib_a-wsetup.o) (__smakebuf_r)
/usr/lib/gcc/arm-none-eabi/11.2.0/../../../../arm-none-eabi/lib/thumb/v6-m/nofp/libc_nano.a(lib_a-nano-freer.o)
                              /usr/lib/gcc/arm-none-eabi/11.2.0/../../../../arm-none-eabi/lib/thumb/v6-m/nofp/libc_nano.a(lib_a-wsetup.o) (_free_r)
/usr/lib/gcc/arm-none-eabi/11.2.0/../../../../arm-none-eabi/lib/thumb/v6-m/nofp/libc_nano.a(lib_a-nano-mallocr.o)
                              /usr/lib/gcc/arm-none-eabi/11.2.0/../../../../arm-none-eabi/lib/thumb/v6-m/nofp/libc_nano.a(lib_a-findfp.o) (_malloc_r)
/usr/lib/gcc/arm-none-eabi/11.2.0/../../../../arm-none-eabi/lib/thumb/v6-m/nofp/libc_nano.a(lib_a-sbrkr.o)
                              /usr/lib/gcc/arm-none-eabi/11.2.0/../../../../arm-none-eabi/lib/thumb/v6-m/nofp/libc_nano.a(lib_a-nano-mallocr.o) (_sbrk_r)
/usr/lib/gcc/arm-none-eabi/11.2.0/../../../../arm-none-eabi/lib/thumb/v6-m/nofp/libc_nano.a(lib_a-stdio.o)
                              /usr/lib/gcc/arm-none-eabi/11.2.0/../../../../arm-none-eabi/lib/thumb/v6-m/nofp/libc_nano.a(lib_a-findfp.o) (__sread)
/usr/lib/gcc/arm-none-eabi/11.2.0/../../../../arm-none-eabi/lib/thumb/v6-m/nofp/libc_nano.a(lib_a-writer.o)
                              /usr/lib/gcc/arm-none-eabi/11.2.0/../../../../arm-none-eabi/lib/thumb/v6-m/nofp/libc_nano.a(lib_a-stdio.o) (_write_r)
/usr/lib/gcc/arm-none-eabi/11.2.0/../../../../arm-none-eabi/lib/thumb/v6-m/nofp/libc_nano.a(lib_a-closer.o)
                              /usr/lib/gcc/arm-none-eabi/11.2.0/../../../../arm-none-eabi/lib/thumb/v6-m/nofp/libc_nano.a(lib_a-stdio.o) (_close_r)
/usr/lib/gcc/arm-none-eabi/11.2.0/../../../../arm-none-eabi/lib/thumb/v6-m/nofp/libc_nano.a(lib_a-fstatr.o)
                              /usr/lib/gcc/arm-none-eabi/11.2.0/../../../../arm-none-eabi/lib/thumb/v6-m/nofp/libc_nano.a(lib_a-makebuf.o) (_fstat_r)
/usr/lib/gcc/arm-none-eabi/11.2.0/../../../../arm-none-eabi/lib/thumb/v6-m/nofp/libc_nano.a(lib_a-isattyr.o)
                              /usr/lib/gcc/arm-none-eabi/11.2.0/../../../../arm-none-eabi/lib/thumb/v6-m/nofp/libc_nano.a(lib_a-makebuf.o) (_isatty_r)
/usr/lib/gcc/arm-none-eabi/11.2.0/../../../../arm-none-eabi/lib/thumb/v6-m/nofp/libc_nano.a(lib_a-lseekr.o)
                              /usr/lib/gcc/arm-none-eabi/11.2.0/../../../../arm-none-eabi/lib/thumb/v6-m/nofp/libc_nano.a(lib_a-stdio.o) (_lseek_r)
/usr/lib/gcc/arm-none-eabi/11.2.0/../../../../arm-none-eabi/lib/thumb/v6-m/nofp/libc_nano.a(lib_a-mlock.o)
                              /usr/lib/gcc/arm-none-eabi/11.2.0/../../../../arm-none-eabi/lib/thumb/v6-m/nofp/libc_nano.a(lib_a-nano-freer.o) (__malloc_lock)
/usr/lib/gcc/arm-none-eabi/11.2.0/../../../../arm-none-eabi/lib/thumb/v6-m/nofp/libc_nano.a(lib_a-readr.o)
                              /usr/lib/gcc/arm-none-eabi/11.2.0/../../../../arm-none-eabi/lib/thumb/v6-m/nofp/libc_nano.a(lib_a-stdio.o) (_read_r)
/usr/lib/gcc/arm-none-eabi/11.2.0/../../../../arm-none-eabi/lib/thumb/v6-m/nofp/libc_nano.a(lib_a-reent.o)
                              /usr/lib/gcc/arm-none-eabi/11.2.0/../../../../arm-none-eabi/lib/thumb/v6-m/nofp/libc_nano.a(lib_a-sbrkr.o) (errno)
/usr/lib/gcc/arm-none-eabi/11.2.0/../../../../arm-none-eabi/lib/thumb/v6-m/nofp/librdimon_nano.a(rdimon-syscalls.o)
                              /usr/lib/gcc/arm-none-eabi/11.2.0/../../../../arm-none-eabi/lib/thumb/v6-m/nofp/libc_nano.a(lib_a-readr.o) (_read)
/usr/lib/gcc/arm-none-eabi/11.2.0/../../../../arm-none-eabi/lib/thumb/v6-m/nofp/librdimon_nano.a(rdimon-_exit.o)
                              /usr/lib/gcc/arm-none-eabi/11.2.0/../../../../arm-none-eabi/lib/thumb/v6-m/nofp/libc_nano.a(lib_a-exit.o) (_exit)
/usr/lib/gcc/arm-none-eabi/11.2.0/../../../../arm-none-eabi/lib/thumb/v6-m/nofp/librdimon_nano.a(rdimon-_kill.o)
                              /usr/lib/gcc/arm-none-eabi/11.2.0/../../../../arm-none-eabi/lib/thumb/v6-m/nofp/librdimon_nano.a(rdimon-_exit.o) (_kill_shared)
/usr/lib/gcc/arm-none-eabi/11.2.0/../../../../arm-none-eabi/lib/thumb/v6-m/nofp/libc_nano.a(lib_a-errno.o)
                              /usr/lib/gcc/arm-none-eabi/11.2.0/../../../../arm-none-eabi/lib/thumb/v6-m/nofp/librdimon_nano.a(rdimon-syscalls.o) (__errno)
/usr/lib/gcc/arm-none-eabi/11.2.0/../../../../arm-none-eabi/lib/thumb/v6-m/nofp/libc_nano.a(lib_a-strlen.o)
                              /usr/lib/gcc/arm-none-eabi/11.2.0/../../../../arm-none-eabi/lib/thumb/v6-m/nofp/librdimon_nano.a(rdimon-syscalls.o) (strlen)

Discarded input sections

 .group         0x0000000000000000        0xc OutPutFile/ObjFiles/main.o
 .group         0x0000000000000000        0xc OutPutFile/ObjFiles/main.o
 .group         0x0000000000000000        0xc OutPutFile/ObjFiles/main.o
 .group         0x0000000000000000        0xc OutPutFile/ObjFiles/main.o
 .group         0x0000000000000000        0xc OutPutFile/ObjFiles/main.o
 .group         0x0000000000000000        0xc OutPutFile/ObjFiles/main.o
 .group         0x0000000000000000        0xc OutPutFile/ObjFiles/main.o
 .group         0x0000000000000000        0xc OutPutFile/ObjFiles/main.o
 .group         0x0000000000000000        0xc OutPutFile/ObjFiles/main.o
 .group         0x0000000000000000        0xc OutPutFile/ObjFiles/main.o
 .group         0x0000000000000000        0xc OutPutFile/ObjFiles/main.o
 .group         0x0000000000000000        0xc OutPutFile/ObjFiles/main.o
 .group         0x0000000000000000        0xc OutPutFile/ObjFiles/main.o
 .group         0x0000000000000000        0xc OutPutFile/ObjFiles/main.o
 .group         0x0000000000000000        0xc OutPutFile/ObjFiles/main.o
 .group         0x0000000000000000        0xc OutPutFile/ObjFiles/main.o
 .group         0x0000000000000000        0xc OutPutFile/ObjFiles/main.o
 .group         0x0000000000000000        0xc OutPutFile/ObjFiles/main.o
 .group         0x0000000000000000        0xc OutPutFile/ObjFiles/main.o
 .group         0x0000000000000000        0xc OutPutFile/ObjFiles/main.o
 .group         0x0000000000000000        0xc OutPutFile/ObjFiles/main.o
 .group         0x0000000000000000        0xc OutPutFile/ObjFiles/main.o
 .group         0x0000000000000000        0xc OutPutFile/ObjFiles/main.o
 .group         0x0000000000000000        0xc OutPutFile/ObjFiles/main.o
 .group         0x0000000000000000        0xc OutPutFile/ObjFiles/main.o
 .group         0x0000000000000000        0xc OutPutFile/ObjFiles/main.o
 .group         0x0000000000000000        0xc OutPutFile/ObjFiles/main.o
 .group         0x0000000000000000        0xc OutPutFile/ObjFiles/main.o
 .group         0x0000000000000000        0xc OutPutFile/ObjFiles/main.o
 .group         0x0000000000000000        0xc OutPutFile/ObjFiles/main.o
 .group         0x0000000000000000        0xc OutPutFile/ObjFiles/main.o
 .group         0x0000000000000000        0xc OutPutFile/ObjFiles/main.o
 .group         0x0000000000000000        0xc OutPutFile/ObjFiles/main.o
 .group         0x0000000000000000        0xc OutPutFile/ObjFiles/main.o
 .group         0x0000000000000000        0xc OutPutFile/ObjFiles/main.o
 .group         0x0000000000000000        0xc OutPutFile/ObjFiles/main.o
 .group         0x0000000000000000        0xc OutPutFile/ObjFiles/main.o
 .group         0x0000000000000000        0xc OutPutFile/ObjFiles/stm32_startup.o
 .debug_macro   0x0000000000000000      0xa6c OutPutFile/ObjFiles/stm32_startup.o
 .group         0x0000000000000000        0xc OutPutFile/ObjFiles/gpio.o
 .group         0x0000000000000000        0xc OutPutFile/ObjFiles/gpio.o
 .group         0x0000000000000000        0xc OutPutFile/ObjFiles/gpio.o
 .group         0x0000000000000000        0xc OutPutFile/ObjFiles/gpio.o
 .debug_macro   0x0000000000000000      0xa6c OutPutFile/ObjFiles/gpio.o
 .debug_macro   0x0000000000000000       0x5e OutPutFile/ObjFiles/gpio.o
 .debug_macro   0x0000000000000000       0xfa OutPutFile/ObjFiles/gpio.o
 .debug_macro   0x0000000000000000       0x70 OutPutFile/ObjFiles/gpio.o
 .group         0x0000000000000000        0xc OutPutFile/ObjFiles/nvic.o
 .group         0x0000000000000000        0xc OutPutFile/ObjFiles/nvic.o
 .group         0x0000000000000000        0xc OutPutFile/ObjFiles/nvic.o
 .group         0x0000000000000000        0xc OutPutFile/ObjFiles/nvic.o
 .debug_macro   0x0000000000000000      0xa6c OutPutFile/ObjFiles/nvic.o
 .debug_macro   0x0000000000000000       0x5e OutPutFile/ObjFiles/nvic.o
 .debug_macro   0x0000000000000000       0xfa OutPutFile/ObjFiles/nvic.o
 .debug_macro   0x0000000000000000       0x22 OutPutFile/ObjFiles/nvic.o
 .group         0x0000000000000000        0xc OutPutFile/ObjFiles/uart.o
 .group         0x0000000000000000        0xc OutPutFile/ObjFiles/uart.o
 .group         0x0000000000000000        0xc OutPutFile/ObjFiles/uart.o
 .group         0x0000000000000000        0xc OutPutFile/ObjFiles/uart.o
 .group         0x0000000000000000        0xc OutPutFile/ObjFiles/uart.o
 .group         0x0000000000000000        0xc OutPutFile/ObjFiles/uart.o
 .group         0x0000000000000000        0xc OutPutFile/ObjFiles/uart.o
 .group         0x0000000000000000        0xc OutPutFile/ObjFiles/uart.o
 .group         0x0000000000000000        0xc OutPutFile/ObjFiles/uart.o
 .group         0x0000000000000000        0xc OutPutFile/ObjFiles/uart.o
 .group         0x0000000000000000        0xc OutPutFile/ObjFiles/uart.o
 .group         0x0000000000000000        0xc OutPutFile/ObjFiles/uart.o
 .group         0x0000000000000000        0xc OutPutFile/ObjFiles/uart.o
 .group         0x0000000000000000        0xc OutPutFile/ObjFiles/uart.o
 .group         0x0000000000000000        0xc OutPutFile/ObjFiles/uart.o
 .group         0x0000000000000000        0xc OutPutFile/ObjFiles/uart.o
 .group         0x0000000000000000        0xc OutPutFile/ObjFiles/uart.o
 .group         0x0000000000000000        0xc OutPutFile/ObjFiles/uart.o
 .group         0x0000000000000000        0xc OutPutFile/ObjFiles/uart.o
 .group         0x0000000000000000        0xc OutPutFile/ObjFiles/uart.o
 .group         0x0000000000000000        0xc OutPutFile/ObjFiles/uart.o
 .group         0x0000000000000000        0xc OutPutFile/ObjFiles/uart.o
 .group         0x0000000000000000        0xc OutPutFile/ObjFiles/uart.o
 .group         0x0000000000000000        0xc OutPutFile/ObjFiles/uart.o
 .group         0x0000000000000000        0xc OutPutFile/ObjFiles/uart.o
 .group         0x0000000000000000        0xc OutPutFile/ObjFiles/uart.o
 .group         0x0000000000000000        0xc OutPutFile/ObjFiles/uart.o
 .group         0x0000000000000000        0xc OutPutFile/ObjFiles/uart.o
 .group         0x0000000000000000        0xc OutPutFile/ObjFiles/uart.o
 .group         0x0000000000000000        0xc OutPutFile/ObjFiles/uart.o
 .group         0x0000000000000000        0xc OutPutFile/ObjFiles/uart.o
 .group         0x0000000000000000        0xc OutPutFile/ObjFiles/uart.o
 .group         0x0000000000000000        0xc OutPutFile/ObjFiles/uart.o
 .group         0x0000000000000000        0xc OutPutFile/ObjFiles/uart.o
 .debug_macro   0x0000000000000000      0xa6c OutPutFile/ObjFiles/uart.o
 .debug_macro   0x0000000000000000       0x5e OutPutFile/ObjFiles/uart.o
 .debug_macro   0x0000000000000000       0xfa OutPutFile/ObjFiles/uart.o
 .debug_macro   0x0000000000000000       0x7c OutPutFile/ObjFiles/uart.o
 .debug_macro   0x0000000000000000       0x22 OutPutFile/ObjFiles/uart.o
 .debug_macro   0x0000000000000000       0x5e OutPutFile/ObjFiles/uart.o
 .debug_macro   0x0000000000000000       0x18 OutPutFile/ObjFiles/uart.o
 .debug_macro   0x0000000000000000       0x94 OutPutFile/ObjFiles/uart.o
 .debug_macro   0x0000000000000000       0x35 OutPutFile/ObjFiles/uart.o
 .debug_macro   0x0000000000000000       0x34 OutPutFile/ObjFiles/uart.o
 .debug_macro   0x0000000000000000       0x16 OutPutFile/ObjFiles/uart.o
 .debug_macro   0x0000000000000000       0x57 OutPutFile/ObjFiles/uart.o
 .debug_macro   0x0000000000000000       0x97 OutPutFile/ObjFiles/uart.o
 .debug_macro   0x0000000000000000      0x35d OutPutFile/ObjFiles/uart.o
 .debug_macro   0x0000000000000000       0xf6 OutPutFile/ObjFiles/uart.o
 .debug_macro   0x0000000000000000       0x10 OutPutFile/ObjFiles/uart.o
 .debug_macro   0x0000000000000000       0x16 OutPutFile/ObjFiles/uart.o
 .debug_macro   0x0000000000000000       0x43 OutPutFile/ObjFiles/uart.o
 .debug_macro   0x0000000000000000       0x34 OutPutFile/ObjFiles/uart.o
 .debug_macro   0x0000000000000000       0x10 OutPutFile/ObjFiles/uart.o
 .debug_macro   0x0000000000000000       0x58 OutPutFile/ObjFiles/uart.o
 .debug_macro   0x0000000000000000      0x182 OutPutFile/ObjFiles/uart.o
 .debug_macro   0x0000000000000000       0x10 OutPutFile/ObjFiles/uart.o
 .debug_macro   0x0000000000000000       0x6a OutPutFile/ObjFiles/uart.o
 .debug_macro   0x0000000000000000       0x1c OutPutFile/ObjFiles/uart.o
 .debug_macro   0x0000000000000000       0x52 OutPutFile/ObjFiles/uart.o
 .debug_macro   0x0000000000000000       0x22 OutPutFile/ObjFiles/uart.o
 .debug_macro   0x0000000000000000       0x10 OutPutFile/ObjFiles/uart.o
 .debug_macro   0x0000000000000000       0x52 OutPutFile/ObjFiles/uart.o
 .debug_macro   0x0000000000000000       0xd5 OutPutFile/ObjFiles/uart.o
 .debug_macro   0x0000000000000000       0x1c OutPutFile/ObjFiles/uart.o
 .debug_macro   0x0000000000000000       0x3d OutPutFile/ObjFiles/uart.o
 .debug_macro   0x0000000000000000       0x16 OutPutFile/ObjFiles/uart.o
 .debug_macro   0x0000000000000000      0x16f OutPutFile/ObjFiles/uart.o

Memory Configuration

Name             Origin             Length             Attributes
FLASH            0x0000000008000000 0x0000000000020000 xr
SRAM             0x0000000020000000 0x0000000000004000 xrw
*default*        0x0000000000000000 0xffffffffffffffff

Linker script and memory map

LOAD /usr/lib/gcc/arm-none-eabi/11.2.0/thumb/v6-m/nofp/crti.o
LOAD /usr/lib/gcc/arm-none-eabi/11.2.0/thumb/v6-m/nofp/crtbegin.o
LOAD /usr/lib/gcc/arm-none-eabi/11.2.0/../../../../arm-none-eabi/lib/thumb/v6-m/nofp/rdimon-crt0.o
LOAD OutPutFile/ObjFiles/main.o
LOAD OutPutFile/ObjFiles/stm32_startup.o
LOAD OutPutFile/ObjFiles/gpio.o
LOAD OutPutFile/ObjFiles/nvic.o
LOAD OutPutFile/ObjFiles/uart.o
START GROUP
LOAD /usr/lib/gcc/arm-none-eabi/11.2.0/thumb/v6-m/nofp/libgcc.a
LOAD /usr/lib/gcc/arm-none-eabi/11.2.0/../../../../arm-none-eabi/lib/thumb/v6-m/nofp/libc_nano.a
END GROUP
START GROUP
LOAD /usr/lib/gcc/arm-none-eabi/11.2.0/thumb/v6-m/nofp/libgcc.a
LOAD /usr/lib/gcc/arm-none-eabi/11.2.0/../../../../arm-none-eabi/lib/thumb/v6-m/nofp/libc_nano.a
LOAD /usr/lib/gcc/arm-none-eabi/11.2.0/../../../../arm-none-eabi/lib/thumb/v6-m/nofp/librdimon_nano.a
END GROUP
START GROUP
LOAD /usr/lib/gcc/arm-none-eabi/11.2.0/thumb/v6-m/nofp/libgcc.a
LOAD /usr/lib/gcc/arm-none-eabi/11.2.0/../../../../arm-none-eabi/lib/thumb/v6-m/nofp/libc_nano.a
LOAD /usr/lib/gcc/arm-none-eabi/11.2.0/../../../../arm-none-eabi/lib/thumb/v6-m/nofp/librdimon_nano.a
END GROUP
LOAD /usr/lib/gcc/arm-none-eabi/11.2.0/thumb/v6-m/nofp/crtend.o
LOAD /usr/lib/gcc/arm-none-eabi/11.2.0/thumb/v6-m/nofp/crtn.o

.text           0x0000000008000000     0x2708
 *(.isr_vector)
 .isr_vector    0x0000000008000000       0xc0 OutPutFile/ObjFiles/stm32_startup.o
                0x0000000008000000                vectors
 *(.text)
 .text          0x00000000080000c0        0x0 /usr/lib/gcc/arm-none-eabi/11.2.0/thumb/v6-m/nofp/crti.o
 .text          0x00000000080000c0        0x0 /usr/lib/gcc/arm-none-eabi/11.2.0/thumb/v6-m/nofp/crtbegin.o
 .text          0x00000000080000c0       0xf0 /usr/lib/gcc/arm-none-eabi/11.2.0/../../../../arm-none-eabi/lib/thumb/v6-m/nofp/rdimon-crt0.o
                0x00000000080000c0                _stack_init
                0x00000000080000cc                _mainCRTStartup
                0x00000000080000cc                _start
 .text          0x00000000080001b0      0x2ac OutPutFile/ObjFiles/main.o
                0x00000000080001b0                main
                0x00000000080002bc                uart_mspInit
                0x0000000008000328                uart_isrRxCallback
                0x0000000008000394                USART2_handler
                0x00000000080003ac                EXTI4_15_handler
                0x00000000080003c0                gpio_isrCallback
                0x00000000080003e4                charToDigit
 .text          0x000000000800045c       0x90 OutPutFile/ObjFiles/stm32_startup.o
                0x000000000800045c                TIM17_handler
                0x000000000800045c                USART1_handler
                0x000000000800045c                USB_handler
                0x000000000800045c                NMI_handler
                0x000000000800045c                TIM14_handler
                0x000000000800045c                TIM16_handler
                0x000000000800045c                DMA_CH4_5_handler
                0x000000000800045c                TIM3_handler
                0x000000000800045c                WWDG_handler
                0x000000000800045c                I2C1_handler
                0x000000000800045c                SPI2_handler
                0x000000000800045c                SVCall_handler
                0x000000000800045c                SysTick_handler
                0x000000000800045c                TIM15_handler
                0x000000000800045c                HardFault_handler
                0x000000000800045c                RCC_handler
                0x000000000800045c                RTC_handler
                0x000000000800045c                USART3_4_5_6_handler
                0x000000000800045c                TIM1_BRK_UP_TRG_COM_handler
                0x000000000800045c                FLASH_handler
                0x000000000800045c                EXTI0_1_handler
                0x000000000800045c                ADC_handler
                0x000000000800045c                SPI1_handler
                0x000000000800045c                EXTI2_3_handler
                0x000000000800045c                PendSV_handler
                0x000000000800045c                TIM6_handler
                0x000000000800045c                DMA_CH2_3_handler
                0x000000000800045c                I2C2_handler
                0x000000000800045c                TIM1_CC_handler
                0x000000000800045c                Default_handler
                0x000000000800045c                DMA_CH1_handler
                0x0000000008000462                Reset_handler
 .text          0x00000000080004ec      0x4c8 OutPutFile/ObjFiles/gpio.o
                0x00000000080004ec                gpio_configPort
                0x0000000008000884                gpio_writePort
                0x00000000080008a0                gpio_readPort
                0x00000000080008b4                gpio_setPins
                0x00000000080008d0                gpio_resetPins
                0x00000000080008ea                gpio_togglePins
                0x000000000800090c                gpio_writePins
                0x0000000008000940                gpio_readPin
                0x000000000800097a                gpio_isrHandler
 .text          0x00000000080009b4      0x1cc OutPutFile/ObjFiles/nvic.o
                0x00000000080009b4                nvic_SetPriority
                0x0000000008000a40                nvic_GetPriority
                0x0000000008000a80                nvic_EnableIrq
                0x0000000008000ab4                nvic_DisableIrq
                0x0000000008000ae8                nvic_GetPendingIrq
                0x0000000008000b20                nvic_SetPendingIrq
                0x0000000008000b50                nvic_ClearPendingIrq
 .text          0x0000000008000b80      0x454 OutPutFile/ObjFiles/uart.o
                0x0000000008000b80                uart_configPort
                0x0000000008000cc4                uart_sendBuffer
                0x0000000008000d7c                uart_sendBufferInt
                0x0000000008000dd0                uart_receiveBufferInt
                0x0000000008000ed0                uart_isrHandler
                0x0000000008000fa4                uart_isrTxCallback
                0x0000000008000fc4                uart_isrErrorCallback
 .text          0x0000000008000fd4       0x8c /usr/lib/gcc/arm-none-eabi/11.2.0/thumb/v6-m/nofp/libgcc.a(_udivsi3.o)
                0x0000000008000fd4                __udivsi3
                0x0000000008000fd4                __aeabi_uidiv
                0x000000000800104c                __aeabi_uidivmod
 .text          0x0000000008001060        0x4 /usr/lib/gcc/arm-none-eabi/11.2.0/thumb/v6-m/nofp/libgcc.a(_dvmd_tls.o)
                0x0000000008001060                __aeabi_ldiv0
                0x0000000008001060                __aeabi_idiv0
 .text          0x0000000008001064        0x0 /usr/lib/gcc/arm-none-eabi/11.2.0/../../../../arm-none-eabi/lib/thumb/v6-m/nofp/libc_nano.a(lib_a-atexit.o)
 .text          0x0000000008001064        0x0 /usr/lib/gcc/arm-none-eabi/11.2.0/../../../../arm-none-eabi/lib/thumb/v6-m/nofp/libc_nano.a(lib_a-exit.o)
 .text          0x0000000008001064        0x0 /usr/lib/gcc/arm-none-eabi/11.2.0/../../../../arm-none-eabi/lib/thumb/v6-m/nofp/libc_nano.a(lib_a-fini.o)
 .text          0x0000000008001064        0x0 /usr/lib/gcc/arm-none-eabi/11.2.0/../../../../arm-none-eabi/lib/thumb/v6-m/nofp/libc_nano.a(lib_a-impure.o)
 .text          0x0000000008001064        0x0 /usr/lib/gcc/arm-none-eabi/11.2.0/../../../../arm-none-eabi/lib/thumb/v6-m/nofp/libc_nano.a(lib_a-init.o)
 .text          0x0000000008001064        0x0 /usr/lib/gcc/arm-none-eabi/11.2.0/../../../../arm-none-eabi/lib/thumb/v6-m/nofp/libc_nano.a(lib_a-memset.o)
 .text          0x0000000008001064        0x0 /usr/lib/gcc/arm-none-eabi/11.2.0/../../../../arm-none-eabi/lib/thumb/v6-m/nofp/libc_nano.a(lib_a-putchar.o)
 .text          0x0000000008001064        0x0 /usr/lib/gcc/arm-none-eabi/11.2.0/../../../../arm-none-eabi/lib/thumb/v6-m/nofp/libc_nano.a(lib_a-putc.o)
 .text          0x0000000008001064        0x0 /usr/lib/gcc/arm-none-eabi/11.2.0/../../../../arm-none-eabi/lib/thumb/v6-m/nofp/libc_nano.a(lib_a-wbuf.o)
 .text          0x0000000008001064        0x0 /usr/lib/gcc/arm-none-eabi/11.2.0/../../../../arm-none-eabi/lib/thumb/v6-m/nofp/libc_nano.a(lib_a-wsetup.o)
 .text          0x0000000008001064        0x0 /usr/lib/gcc/arm-none-eabi/11.2.0/../../../../arm-none-eabi/lib/thumb/v6-m/nofp/libc_nano.a(lib_a-__atexit.o)
 .text          0x0000000008001064        0x0 /usr/lib/gcc/arm-none-eabi/11.2.0/../../../../arm-none-eabi/lib/thumb/v6-m/nofp/libc_nano.a(lib_a-__call_atexit.o)
 .text          0x0000000008001064        0x0 /usr/lib/gcc/arm-none-eabi/11.2.0/../../../../arm-none-eabi/lib/thumb/v6-m/nofp/libc_nano.a(lib_a-fflush.o)
 .text          0x0000000008001064        0x0 /usr/lib/gcc/arm-none-eabi/11.2.0/../../../../arm-none-eabi/lib/thumb/v6-m/nofp/libc_nano.a(lib_a-findfp.o)
 .text          0x0000000008001064        0x0 /usr/lib/gcc/arm-none-eabi/11.2.0/../../../../arm-none-eabi/lib/thumb/v6-m/nofp/libc_nano.a(lib_a-fwalk.o)
 .text          0x0000000008001064        0x0 /usr/lib/gcc/arm-none-eabi/11.2.0/../../../../arm-none-eabi/lib/thumb/v6-m/nofp/libc_nano.a(lib_a-lock.o)
 .text          0x0000000008001064        0x0 /usr/lib/gcc/arm-none-eabi/11.2.0/../../../../arm-none-eabi/lib/thumb/v6-m/nofp/libc_nano.a(lib_a-makebuf.o)
 .text          0x0000000008001064        0x0 /usr/lib/gcc/arm-none-eabi/11.2.0/../../../../arm-none-eabi/lib/thumb/v6-m/nofp/libc_nano.a(lib_a-nano-freer.o)
 .text          0x0000000008001064        0x0 /usr/lib/gcc/arm-none-eabi/11.2.0/../../../../arm-none-eabi/lib/thumb/v6-m/nofp/libc_nano.a(lib_a-nano-mallocr.o)
 .text          0x0000000008001064        0x0 /usr/lib/gcc/arm-none-eabi/11.2.0/../../../../arm-none-eabi/lib/thumb/v6-m/nofp/libc_nano.a(lib_a-sbrkr.o)
 .text          0x0000000008001064        0x0 /usr/lib/gcc/arm-none-eabi/11.2.0/../../../../arm-none-eabi/lib/thumb/v6-m/nofp/libc_nano.a(lib_a-stdio.o)
 .text          0x0000000008001064        0x0 /usr/lib/gcc/arm-none-eabi/11.2.0/../../../../arm-none-eabi/lib/thumb/v6-m/nofp/libc_nano.a(lib_a-writer.o)
 .text          0x0000000008001064        0x0 /usr/lib/gcc/arm-none-eabi/11.2.0/../../../../arm-none-eabi/lib/thumb/v6-m/nofp/libc_nano.a(lib_a-closer.o)
 .text          0x0000000008001064        0x0 /usr/lib/gcc/arm-none-eabi/11.2.0/../../../../arm-none-eabi/lib/thumb/v6-m/nofp/libc_nano.a(lib_a-fstatr.o)
 .text          0x0000000008001064        0x0 /usr/lib/gcc/arm-none-eabi/11.2.0/../../../../arm-none-eabi/lib/thumb/v6-m/nofp/libc_nano.a(lib_a-isattyr.o)
 .text          0x0000000008001064        0x0 /usr/lib/gcc/arm-none-eabi/11.2.0/../../../../arm-none-eabi/lib/thumb/v6-m/nofp/libc_nano.a(lib_a-lseekr.o)
 .text          0x0000000008001064        0x0 /usr/lib/gcc/arm-none-eabi/11.2.0/../../../../arm-none-eabi/lib/thumb/v6-m/nofp/libc_nano.a(lib_a-mlock.o)
 .text          0x0000000008001064        0x0 /usr/lib/gcc/arm-none-eabi/11.2.0/../../../../arm-none-eabi/lib/thumb/v6-m/nofp/libc_nano.a(lib_a-readr.o)
 .text          0x0000000008001064        0x0 /usr/lib/gcc/arm-none-eabi/11.2.0/../../../../arm-none-eabi/lib/thumb/v6-m/nofp/libc_nano.a(lib_a-reent.o)
 .text          0x0000000008001064        0x0 /usr/lib/gcc/arm-none-eabi/11.2.0/../../../../arm-none-eabi/lib/thumb/v6-m/nofp/librdimon_nano.a(rdimon-syscalls.o)
 .text          0x0000000008001064        0x0 /usr/lib/gcc/arm-none-eabi/11.2.0/../../../../arm-none-eabi/lib/thumb/v6-m/nofp/librdimon_nano.a(rdimon-_exit.o)
 .text          0x0000000008001064        0x0 /usr/lib/gcc/arm-none-eabi/11.2.0/../../../../arm-none-eabi/lib/thumb/v6-m/nofp/librdimon_nano.a(rdimon-_kill.o)
 .text          0x0000000008001064        0x0 /usr/lib/gcc/arm-none-eabi/11.2.0/../../../../arm-none-eabi/lib/thumb/v6-m/nofp/libc_nano.a(lib_a-errno.o)
 .text          0x0000000008001064        0xe /usr/lib/gcc/arm-none-eabi/11.2.0/../../../../arm-none-eabi/lib/thumb/v6-m/nofp/libc_nano.a(lib_a-strlen.o)
                0x0000000008001064                strlen
 .text          0x0000000008001072        0x0 /usr/lib/gcc/arm-none-eabi/11.2.0/thumb/v6-m/nofp/crtend.o
 .text          0x0000000008001072        0x0 /usr/lib/gcc/arm-none-eabi/11.2.0/thumb/v6-m/nofp/crtn.o
 *(.text.*)
 *fill*         0x0000000008001072        0x2 
 .text.__do_global_dtors_aux
                0x0000000008001074       0x28 /usr/lib/gcc/arm-none-eabi/11.2.0/thumb/v6-m/nofp/crtbegin.o
 .text.frame_dummy
                0x000000000800109c       0x20 /usr/lib/gcc/arm-none-eabi/11.2.0/thumb/v6-m/nofp/crtbegin.o
 .text.atexit   0x00000000080010bc       0x10 /usr/lib/gcc/arm-none-eabi/11.2.0/../../../../arm-none-eabi/lib/thumb/v6-m/nofp/libc_nano.a(lib_a-atexit.o)
                0x00000000080010bc                atexit
 .text.exit     0x00000000080010cc       0x2c /usr/lib/gcc/arm-none-eabi/11.2.0/../../../../arm-none-eabi/lib/thumb/v6-m/nofp/libc_nano.a(lib_a-exit.o)
                0x00000000080010cc                exit
 .text.__libc_fini_array
                0x00000000080010f8       0x28 /usr/lib/gcc/arm-none-eabi/11.2.0/../../../../arm-none-eabi/lib/thumb/v6-m/nofp/libc_nano.a(lib_a-fini.o)
                0x00000000080010f8                __libc_fini_array
 .text.__libc_init_array
                0x0000000008001120       0x48 /usr/lib/gcc/arm-none-eabi/11.2.0/../../../../arm-none-eabi/lib/thumb/v6-m/nofp/libc_nano.a(lib_a-init.o)
                0x0000000008001120                __libc_init_array
 .text.memset   0x0000000008001168       0x10 /usr/lib/gcc/arm-none-eabi/11.2.0/../../../../arm-none-eabi/lib/thumb/v6-m/nofp/libc_nano.a(lib_a-memset.o)
                0x0000000008001168                memset
 .text._putchar_r
                0x0000000008001178       0x20 /usr/lib/gcc/arm-none-eabi/11.2.0/../../../../arm-none-eabi/lib/thumb/v6-m/nofp/libc_nano.a(lib_a-putchar.o)
                0x0000000008001178                _putchar_r
 .text.putchar  0x0000000008001198       0x28 /usr/lib/gcc/arm-none-eabi/11.2.0/../../../../arm-none-eabi/lib/thumb/v6-m/nofp/libc_nano.a(lib_a-putchar.o)
                0x0000000008001198                putchar
 .text._putc_r  0x00000000080011c0       0x94 /usr/lib/gcc/arm-none-eabi/11.2.0/../../../../arm-none-eabi/lib/thumb/v6-m/nofp/libc_nano.a(lib_a-putc.o)
                0x00000000080011c0                _putc_r
 .text.putc     0x0000000008001254       0x14 /usr/lib/gcc/arm-none-eabi/11.2.0/../../../../arm-none-eabi/lib/thumb/v6-m/nofp/libc_nano.a(lib_a-putc.o)
                0x0000000008001254                putc
 .text.__swbuf_r
                0x0000000008001268       0xac /usr/lib/gcc/arm-none-eabi/11.2.0/../../../../arm-none-eabi/lib/thumb/v6-m/nofp/libc_nano.a(lib_a-wbuf.o)
                0x0000000008001268                __swbuf_r
 .text.__swbuf  0x0000000008001314       0x14 /usr/lib/gcc/arm-none-eabi/11.2.0/../../../../arm-none-eabi/lib/thumb/v6-m/nofp/libc_nano.a(lib_a-wbuf.o)
                0x0000000008001314                __swbuf
 .text.__swsetup_r
                0x0000000008001328       0xf0 /usr/lib/gcc/arm-none-eabi/11.2.0/../../../../arm-none-eabi/lib/thumb/v6-m/nofp/libc_nano.a(lib_a-wsetup.o)
                0x0000000008001328                __swsetup_r
 .text.__register_exitproc
                0x0000000008001418       0xc8 /usr/lib/gcc/arm-none-eabi/11.2.0/../../../../arm-none-eabi/lib/thumb/v6-m/nofp/libc_nano.a(lib_a-__atexit.o)
                0x0000000008001418                __register_exitproc
 .text.__call_exitprocs
                0x00000000080014e0       0xb4 /usr/lib/gcc/arm-none-eabi/11.2.0/../../../../arm-none-eabi/lib/thumb/v6-m/nofp/libc_nano.a(lib_a-__call_atexit.o)
                0x00000000080014e0                __call_exitprocs
 .text.__sflush_r
                0x0000000008001594      0x118 /usr/lib/gcc/arm-none-eabi/11.2.0/../../../../arm-none-eabi/lib/thumb/v6-m/nofp/libc_nano.a(lib_a-fflush.o)
                0x0000000008001594                __sflush_r
 .text._fflush_r
                0x00000000080016ac       0x80 /usr/lib/gcc/arm-none-eabi/11.2.0/../../../../arm-none-eabi/lib/thumb/v6-m/nofp/libc_nano.a(lib_a-fflush.o)
                0x00000000080016ac                _fflush_r
 .text.fflush   0x000000000800172c       0x2c /usr/lib/gcc/arm-none-eabi/11.2.0/../../../../arm-none-eabi/lib/thumb/v6-m/nofp/libc_nano.a(lib_a-fflush.o)
                0x000000000800172c                fflush
 .text.std      0x0000000008001758       0x48 /usr/lib/gcc/arm-none-eabi/11.2.0/../../../../arm-none-eabi/lib/thumb/v6-m/nofp/libc_nano.a(lib_a-findfp.o)
 .text._cleanup_r
                0x00000000080017a0       0x10 /usr/lib/gcc/arm-none-eabi/11.2.0/../../../../arm-none-eabi/lib/thumb/v6-m/nofp/libc_nano.a(lib_a-findfp.o)
                0x00000000080017a0                _cleanup_r
 .text.__fp_lock
                0x00000000080017b0       0x18 /usr/lib/gcc/arm-none-eabi/11.2.0/../../../../arm-none-eabi/lib/thumb/v6-m/nofp/libc_nano.a(lib_a-findfp.o)
 .text.__fp_unlock
                0x00000000080017c8       0x18 /usr/lib/gcc/arm-none-eabi/11.2.0/../../../../arm-none-eabi/lib/thumb/v6-m/nofp/libc_nano.a(lib_a-findfp.o)
 .text.__sfmoreglue
                0x00000000080017e0       0x2c /usr/lib/gcc/arm-none-eabi/11.2.0/../../../../arm-none-eabi/lib/thumb/v6-m/nofp/libc_nano.a(lib_a-findfp.o)
                0x00000000080017e0                __sfmoreglue
 .text._cleanup
                0x000000000800180c       0x10 /usr/lib/gcc/arm-none-eabi/11.2.0/../../../../arm-none-eabi/lib/thumb/v6-m/nofp/libc_nano.a(lib_a-findfp.o)
                0x000000000800180c                _cleanup
 .text.__sfp_lock_acquire
                0x000000000800181c       0x10 /usr/lib/gcc/arm-none-eabi/11.2.0/../../../../arm-none-eabi/lib/thumb/v6-m/nofp/libc_nano.a(lib_a-findfp.o)
                0x000000000800181c                __sfp_lock_acquire
 .text.__sfp_lock_release
                0x000000000800182c       0x10 /usr/lib/gcc/arm-none-eabi/11.2.0/../../../../arm-none-eabi/lib/thumb/v6-m/nofp/libc_nano.a(lib_a-findfp.o)
                0x000000000800182c                __sfp_lock_release
 .text.__sinit_lock_acquire
                0x000000000800183c       0x10 /usr/lib/gcc/arm-none-eabi/11.2.0/../../../../arm-none-eabi/lib/thumb/v6-m/nofp/libc_nano.a(lib_a-findfp.o)
                0x000000000800183c                __sinit_lock_acquire
 .text.__sinit_lock_release
                0x000000000800184c       0x10 /usr/lib/gcc/arm-none-eabi/11.2.0/../../../../arm-none-eabi/lib/thumb/v6-m/nofp/libc_nano.a(lib_a-findfp.o)
                0x000000000800184c                __sinit_lock_release
 .text.__sinit  0x000000000800185c       0x70 /usr/lib/gcc/arm-none-eabi/11.2.0/../../../../arm-none-eabi/lib/thumb/v6-m/nofp/libc_nano.a(lib_a-findfp.o)
                0x000000000800185c                __sinit
 .text.__sfp    0x00000000080018cc       0x90 /usr/lib/gcc/arm-none-eabi/11.2.0/../../../../arm-none-eabi/lib/thumb/v6-m/nofp/libc_nano.a(lib_a-findfp.o)
                0x00000000080018cc                __sfp
 .text.__fp_lock_all
                0x000000000800195c       0x1c /usr/lib/gcc/arm-none-eabi/11.2.0/../../../../arm-none-eabi/lib/thumb/v6-m/nofp/libc_nano.a(lib_a-findfp.o)
                0x000000000800195c                __fp_lock_all
 .text.__fp_unlock_all
                0x0000000008001978       0x1c /usr/lib/gcc/arm-none-eabi/11.2.0/../../../../arm-none-eabi/lib/thumb/v6-m/nofp/libc_nano.a(lib_a-findfp.o)
                0x0000000008001978                __fp_unlock_all
 .text._fwalk   0x0000000008001994       0x36 /usr/lib/gcc/arm-none-eabi/11.2.0/../../../../arm-none-eabi/lib/thumb/v6-m/nofp/libc_nano.a(lib_a-fwalk.o)
                0x0000000008001994                _fwalk
 .text._fwalk_reent
                0x00000000080019ca       0x40 /usr/lib/gcc/arm-none-eabi/11.2.0/../../../../arm-none-eabi/lib/thumb/v6-m/nofp/libc_nano.a(lib_a-fwalk.o)
                0x00000000080019ca                _fwalk_reent
 .text.__retarget_lock_init
                0x0000000008001a0a        0x2 /usr/lib/gcc/arm-none-eabi/11.2.0/../../../../arm-none-eabi/lib/thumb/v6-m/nofp/libc_nano.a(lib_a-lock.o)
                0x0000000008001a0a                __retarget_lock_init
 .text.__retarget_lock_init_recursive
                0x0000000008001a0c        0x2 /usr/lib/gcc/arm-none-eabi/11.2.0/../../../../arm-none-eabi/lib/thumb/v6-m/nofp/libc_nano.a(lib_a-lock.o)
                0x0000000008001a0c                __retarget_lock_init_recursive
 .text.__retarget_lock_close
                0x0000000008001a0e        0x2 /usr/lib/gcc/arm-none-eabi/11.2.0/../../../../arm-none-eabi/lib/thumb/v6-m/nofp/libc_nano.a(lib_a-lock.o)
                0x0000000008001a0e                __retarget_lock_close
 .text.__retarget_lock_close_recursive
                0x0000000008001a10        0x2 /usr/lib/gcc/arm-none-eabi/11.2.0/../../../../arm-none-eabi/lib/thumb/v6-m/nofp/libc_nano.a(lib_a-lock.o)
                0x0000000008001a10                __retarget_lock_close_recursive
 .text.__retarget_lock_acquire
                0x0000000008001a12        0x2 /usr/lib/gcc/arm-none-eabi/11.2.0/../../../../arm-none-eabi/lib/thumb/v6-m/nofp/libc_nano.a(lib_a-lock.o)
                0x0000000008001a12                __retarget_lock_acquire
 .text.__retarget_lock_acquire_recursive
                0x0000000008001a14        0x2 /usr/lib/gcc/arm-none-eabi/11.2.0/../../../../arm-none-eabi/lib/thumb/v6-m/nofp/libc_nano.a(lib_a-lock.o)
                0x0000000008001a14                __retarget_lock_acquire_recursive
 .text.__retarget_lock_try_acquire
                0x0000000008001a16        0x4 /usr/lib/gcc/arm-none-eabi/11.2.0/../../../../arm-none-eabi/lib/thumb/v6-m/nofp/libc_nano.a(lib_a-lock.o)
                0x0000000008001a16                __retarget_lock_try_acquire
 .text.__retarget_lock_try_acquire_recursive
                0x0000000008001a1a        0x4 /usr/lib/gcc/arm-none-eabi/11.2.0/../../../../arm-none-eabi/lib/thumb/v6-m/nofp/libc_nano.a(lib_a-lock.o)
                0x0000000008001a1a                __retarget_lock_try_acquire_recursive
 .text.__retarget_lock_release
                0x0000000008001a1e        0x2 /usr/lib/gcc/arm-none-eabi/11.2.0/../../../../arm-none-eabi/lib/thumb/v6-m/nofp/libc_nano.a(lib_a-lock.o)
                0x0000000008001a1e                __retarget_lock_release
 .text.__retarget_lock_release_recursive
                0x0000000008001a20        0x2 /usr/lib/gcc/arm-none-eabi/11.2.0/../../../../arm-none-eabi/lib/thumb/v6-m/nofp/libc_nano.a(lib_a-lock.o)
                0x0000000008001a20                __retarget_lock_release_recursive
 *fill*         0x0000000008001a22        0x2 
 .text.__swhatbuf_r
                0x0000000008001a24       0x50 /usr/lib/gcc/arm-none-eabi/11.2.0/../../../../arm-none-eabi/lib/thumb/v6-m/nofp/libc_nano.a(lib_a-makebuf.o)
                0x0000000008001a24                __swhatbuf_r
 .text.__smakebuf_r
                0x0000000008001a74       0x88 /usr/lib/gcc/arm-none-eabi/11.2.0/../../../../arm-none-eabi/lib/thumb/v6-m/nofp/libc_nano.a(lib_a-makebuf.o)
                0x0000000008001a74                __smakebuf_r
 .text._free_r  0x0000000008001afc       0x94 /usr/lib/gcc/arm-none-eabi/11.2.0/../../../../arm-none-eabi/lib/thumb/v6-m/nofp/libc_nano.a(lib_a-nano-freer.o)
                0x0000000008001afc                _free_r
 .text._malloc_r
                0x0000000008001b90       0xbc /usr/lib/gcc/arm-none-eabi/11.2.0/../../../../arm-none-eabi/lib/thumb/v6-m/nofp/libc_nano.a(lib_a-nano-mallocr.o)
                0x0000000008001b90                _malloc_r
 .text._sbrk_r  0x0000000008001c4c       0x24 /usr/lib/gcc/arm-none-eabi/11.2.0/../../../../arm-none-eabi/lib/thumb/v6-m/nofp/libc_nano.a(lib_a-sbrkr.o)
                0x0000000008001c4c                _sbrk_r
 .text.__sread  0x0000000008001c70       0x28 /usr/lib/gcc/arm-none-eabi/11.2.0/../../../../arm-none-eabi/lib/thumb/v6-m/nofp/libc_nano.a(lib_a-stdio.o)
                0x0000000008001c70                __sread
 .text.__seofread
                0x0000000008001c98        0x4 /usr/lib/gcc/arm-none-eabi/11.2.0/../../../../arm-none-eabi/lib/thumb/v6-m/nofp/libc_nano.a(lib_a-stdio.o)
                0x0000000008001c98                __seofread
 .text.__swrite
                0x0000000008001c9c       0x38 /usr/lib/gcc/arm-none-eabi/11.2.0/../../../../arm-none-eabi/lib/thumb/v6-m/nofp/libc_nano.a(lib_a-stdio.o)
                0x0000000008001c9c                __swrite
 .text.__sseek  0x0000000008001cd4       0x2c /usr/lib/gcc/arm-none-eabi/11.2.0/../../../../arm-none-eabi/lib/thumb/v6-m/nofp/libc_nano.a(lib_a-stdio.o)
                0x0000000008001cd4                __sseek
 .text.__sclose
                0x0000000008001d00        0xc /usr/lib/gcc/arm-none-eabi/11.2.0/../../../../arm-none-eabi/lib/thumb/v6-m/nofp/libc_nano.a(lib_a-stdio.o)
                0x0000000008001d00                __sclose
 .text._write_r
                0x0000000008001d0c       0x28 /usr/lib/gcc/arm-none-eabi/11.2.0/../../../../arm-none-eabi/lib/thumb/v6-m/nofp/libc_nano.a(lib_a-writer.o)
                0x0000000008001d0c                _write_r
 .text._close_r
                0x0000000008001d34       0x24 /usr/lib/gcc/arm-none-eabi/11.2.0/../../../../arm-none-eabi/lib/thumb/v6-m/nofp/libc_nano.a(lib_a-closer.o)
                0x0000000008001d34                _close_r
 .text._fstat_r
                0x0000000008001d58       0x24 /usr/lib/gcc/arm-none-eabi/11.2.0/../../../../arm-none-eabi/lib/thumb/v6-m/nofp/libc_nano.a(lib_a-fstatr.o)
                0x0000000008001d58                _fstat_r
 .text._isatty_r
                0x0000000008001d7c       0x24 /usr/lib/gcc/arm-none-eabi/11.2.0/../../../../arm-none-eabi/lib/thumb/v6-m/nofp/libc_nano.a(lib_a-isattyr.o)
                0x0000000008001d7c                _isatty_r
 .text._lseek_r
                0x0000000008001da0       0x28 /usr/lib/gcc/arm-none-eabi/11.2.0/../../../../arm-none-eabi/lib/thumb/v6-m/nofp/libc_nano.a(lib_a-lseekr.o)
                0x0000000008001da0                _lseek_r
 .text.__malloc_lock
                0x0000000008001dc8       0x10 /usr/lib/gcc/arm-none-eabi/11.2.0/../../../../arm-none-eabi/lib/thumb/v6-m/nofp/libc_nano.a(lib_a-mlock.o)
                0x0000000008001dc8                __malloc_lock
 .text.__malloc_unlock
                0x0000000008001dd8       0x10 /usr/lib/gcc/arm-none-eabi/11.2.0/../../../../arm-none-eabi/lib/thumb/v6-m/nofp/libc_nano.a(lib_a-mlock.o)
                0x0000000008001dd8                __malloc_unlock
 .text._read_r  0x0000000008001de8       0x28 /usr/lib/gcc/arm-none-eabi/11.2.0/../../../../arm-none-eabi/lib/thumb/v6-m/nofp/libc_nano.a(lib_a-readr.o)
                0x0000000008001de8                _read_r
 .text.cleanup_glue
                0x0000000008001e10       0x1a /usr/lib/gcc/arm-none-eabi/11.2.0/../../../../arm-none-eabi/lib/thumb/v6-m/nofp/libc_nano.a(lib_a-reent.o)
                0x0000000008001e10                cleanup_glue
 *fill*         0x0000000008001e2a        0x2 
 .text._reclaim_reent
                0x0000000008001e2c       0xcc /usr/lib/gcc/arm-none-eabi/11.2.0/../../../../arm-none-eabi/lib/thumb/v6-m/nofp/libc_nano.a(lib_a-reent.o)
                0x0000000008001e2c                _reclaim_reent
 .text.findslot
                0x0000000008001ef8       0x34 /usr/lib/gcc/arm-none-eabi/11.2.0/../../../../arm-none-eabi/lib/thumb/v6-m/nofp/librdimon_nano.a(rdimon-syscalls.o)
 .text.error    0x0000000008001f2c       0x1c /usr/lib/gcc/arm-none-eabi/11.2.0/../../../../arm-none-eabi/lib/thumb/v6-m/nofp/librdimon_nano.a(rdimon-syscalls.o)
 .text.checkerror
                0x0000000008001f48        0xc /usr/lib/gcc/arm-none-eabi/11.2.0/../../../../arm-none-eabi/lib/thumb/v6-m/nofp/librdimon_nano.a(rdimon-syscalls.o)
 .text._swiread
                0x0000000008001f54       0x20 /usr/lib/gcc/arm-none-eabi/11.2.0/../../../../arm-none-eabi/lib/thumb/v6-m/nofp/librdimon_nano.a(rdimon-syscalls.o)
                0x0000000008001f54                _swiread
 .text._read    0x0000000008001f74       0x34 /usr/lib/gcc/arm-none-eabi/11.2.0/../../../../arm-none-eabi/lib/thumb/v6-m/nofp/librdimon_nano.a(rdimon-syscalls.o)
                0x0000000008001f74                _read
 .text._swilseek
                0x0000000008001fa8       0x76 /usr/lib/gcc/arm-none-eabi/11.2.0/../../../../arm-none-eabi/lib/thumb/v6-m/nofp/librdimon_nano.a(rdimon-syscalls.o)
                0x0000000008001fa8                _swilseek
 .text._lseek   0x000000000800201e        0x8 /usr/lib/gcc/arm-none-eabi/11.2.0/../../../../arm-none-eabi/lib/thumb/v6-m/nofp/librdimon_nano.a(rdimon-syscalls.o)
                0x000000000800201e                _lseek
 .text._swiwrite
                0x0000000008002026       0x20 /usr/lib/gcc/arm-none-eabi/11.2.0/../../../../arm-none-eabi/lib/thumb/v6-m/nofp/librdimon_nano.a(rdimon-syscalls.o)
                0x0000000008002026                _swiwrite
 .text._write   0x0000000008002046       0x3e /usr/lib/gcc/arm-none-eabi/11.2.0/../../../../arm-none-eabi/lib/thumb/v6-m/nofp/librdimon_nano.a(rdimon-syscalls.o)
                0x0000000008002046                _write
 .text._swiclose
                0x0000000008002084       0x18 /usr/lib/gcc/arm-none-eabi/11.2.0/../../../../arm-none-eabi/lib/thumb/v6-m/nofp/librdimon_nano.a(rdimon-syscalls.o)
                0x0000000008002084                _swiclose
 .text._close   0x000000000800209c       0x4c /usr/lib/gcc/arm-none-eabi/11.2.0/../../../../arm-none-eabi/lib/thumb/v6-m/nofp/librdimon_nano.a(rdimon-syscalls.o)
                0x000000000800209c                _close
 .text._getpid  0x00000000080020e8        0x4 /usr/lib/gcc/arm-none-eabi/11.2.0/../../../../arm-none-eabi/lib/thumb/v6-m/nofp/librdimon_nano.a(rdimon-syscalls.o)
                0x00000000080020e8                _getpid
 .text._sbrk    0x00000000080020ec       0x4c /usr/lib/gcc/arm-none-eabi/11.2.0/../../../../arm-none-eabi/lib/thumb/v6-m/nofp/librdimon_nano.a(rdimon-syscalls.o)
                0x00000000080020ec                _sbrk
 .text._swistat
                0x0000000008002138       0x44 /usr/lib/gcc/arm-none-eabi/11.2.0/../../../../arm-none-eabi/lib/thumb/v6-m/nofp/librdimon_nano.a(rdimon-syscalls.o)
                0x0000000008002138                _swistat
 .text._fstat   0x000000000800217c       0x1a /usr/lib/gcc/arm-none-eabi/11.2.0/../../../../arm-none-eabi/lib/thumb/v6-m/nofp/librdimon_nano.a(rdimon-syscalls.o)
                0x000000000800217c                _fstat
 .text._stat    0x0000000008002196       0x3c /usr/lib/gcc/arm-none-eabi/11.2.0/../../../../arm-none-eabi/lib/thumb/v6-m/nofp/librdimon_nano.a(rdimon-syscalls.o)
                0x0000000008002196                _stat
 *fill*         0x00000000080021d2        0x2 
 .text._swiopen
                0x00000000080021d4       0xbc /usr/lib/gcc/arm-none-eabi/11.2.0/../../../../arm-none-eabi/lib/thumb/v6-m/nofp/librdimon_nano.a(rdimon-syscalls.o)
                0x00000000080021d4                _swiopen
 .text._open    0x0000000008002290       0x10 /usr/lib/gcc/arm-none-eabi/11.2.0/../../../../arm-none-eabi/lib/thumb/v6-m/nofp/librdimon_nano.a(rdimon-syscalls.o)
                0x0000000008002290                _open
 .text._get_semihosting_exts
                0x00000000080022a0       0xac /usr/lib/gcc/arm-none-eabi/11.2.0/../../../../arm-none-eabi/lib/thumb/v6-m/nofp/librdimon_nano.a(rdimon-syscalls.o)
                0x00000000080022a0                _get_semihosting_exts
 .text.initialise_semihosting_exts
                0x000000000800234c       0x34 /usr/lib/gcc/arm-none-eabi/11.2.0/../../../../arm-none-eabi/lib/thumb/v6-m/nofp/librdimon_nano.a(rdimon-syscalls.o)
 .text._has_ext_exit_extended
                0x0000000008002380       0x18 /usr/lib/gcc/arm-none-eabi/11.2.0/../../../../arm-none-eabi/lib/thumb/v6-m/nofp/librdimon_nano.a(rdimon-syscalls.o)
                0x0000000008002380                _has_ext_exit_extended
 .text._has_ext_stdout_stderr
                0x0000000008002398       0x18 /usr/lib/gcc/arm-none-eabi/11.2.0/../../../../arm-none-eabi/lib/thumb/v6-m/nofp/librdimon_nano.a(rdimon-syscalls.o)
                0x0000000008002398                _has_ext_stdout_stderr
 .text.initialise_monitor_handles
                0x00000000080023b0       0xb4 /usr/lib/gcc/arm-none-eabi/11.2.0/../../../../arm-none-eabi/lib/thumb/v6-m/nofp/librdimon_nano.a(rdimon-syscalls.o)
                0x00000000080023b0                initialise_monitor_handles
 .text._link    0x0000000008002464       0x10 /usr/lib/gcc/arm-none-eabi/11.2.0/../../../../arm-none-eabi/lib/thumb/v6-m/nofp/librdimon_nano.a(rdimon-syscalls.o)
                0x0000000008002464                _link
 .text._unlink  0x0000000008002474       0x24 /usr/lib/gcc/arm-none-eabi/11.2.0/../../../../arm-none-eabi/lib/thumb/v6-m/nofp/librdimon_nano.a(rdimon-syscalls.o)
                0x0000000008002474                _unlink
 .text._gettimeofday
                0x0000000008002498       0x2c /usr/lib/gcc/arm-none-eabi/11.2.0/../../../../arm-none-eabi/lib/thumb/v6-m/nofp/librdimon_nano.a(rdimon-syscalls.o)
                0x0000000008002498                _gettimeofday
 .text._clock   0x00000000080024c4       0x12 /usr/lib/gcc/arm-none-eabi/11.2.0/../../../../arm-none-eabi/lib/thumb/v6-m/nofp/librdimon_nano.a(rdimon-syscalls.o)
                0x00000000080024c4                _clock
 .text._times   0x00000000080024d6       0x18 /usr/lib/gcc/arm-none-eabi/11.2.0/../../../../arm-none-eabi/lib/thumb/v6-m/nofp/librdimon_nano.a(rdimon-syscalls.o)
                0x00000000080024d6                _times
 .text._isatty  0x00000000080024ee       0x3a /usr/lib/gcc/arm-none-eabi/11.2.0/../../../../arm-none-eabi/lib/thumb/v6-m/nofp/librdimon_nano.a(rdimon-syscalls.o)
                0x00000000080024ee                _isatty
 .text._system  0x0000000008002528       0x40 /usr/lib/gcc/arm-none-eabi/11.2.0/../../../../arm-none-eabi/lib/thumb/v6-m/nofp/librdimon_nano.a(rdimon-syscalls.o)
                0x0000000008002528                _system
 .text._rename  0x0000000008002568       0x34 /usr/lib/gcc/arm-none-eabi/11.2.0/../../../../arm-none-eabi/lib/thumb/v6-m/nofp/librdimon_nano.a(rdimon-syscalls.o)
                0x0000000008002568                _rename
 .text._exit    0x000000000800259c       0x14 /usr/lib/gcc/arm-none-eabi/11.2.0/../../../../arm-none-eabi/lib/thumb/v6-m/nofp/librdimon_nano.a(rdimon-_exit.o)
                0x000000000800259c                _exit
 .text._kill_shared
                0x00000000080025b0       0x28 /usr/lib/gcc/arm-none-eabi/11.2.0/../../../../arm-none-eabi/lib/thumb/v6-m/nofp/librdimon_nano.a(rdimon-_kill.o)
                0x00000000080025b0                _kill_shared
 .text._kill    0x00000000080025d8       0x18 /usr/lib/gcc/arm-none-eabi/11.2.0/../../../../arm-none-eabi/lib/thumb/v6-m/nofp/librdimon_nano.a(rdimon-_kill.o)
                0x00000000080025d8                _kill
 .text.__errno  0x00000000080025f0        0xc /usr/lib/gcc/arm-none-eabi/11.2.0/../../../../arm-none-eabi/lib/thumb/v6-m/nofp/libc_nano.a(lib_a-errno.o)
                0x00000000080025f0                __errno
 *(.rodata)
 .rodata        0x00000000080025fc       0x29 OutPutFile/ObjFiles/main.o
                0x00000000080025fc                msgInt
                0x0000000008002614                msgBlock
 *(.rodata.*)
 .rodata.all_implied_fbits
                0x0000000008002625       0x24 /usr/lib/gcc/arm-none-eabi/11.2.0/thumb/v6-m/nofp/crtbegin.o
 *fill*         0x0000000008002649        0x3 
 .rodata._global_impure_ptr
                0x000000000800264c        0x4 /usr/lib/gcc/arm-none-eabi/11.2.0/../../../../arm-none-eabi/lib/thumb/v6-m/nofp/libc_nano.a(lib_a-impure.o)
                0x000000000800264c                _global_impure_ptr
 .rodata.__sf_fake_stderr
                0x0000000008002650       0x20 /usr/lib/gcc/arm-none-eabi/11.2.0/../../../../arm-none-eabi/lib/thumb/v6-m/nofp/libc_nano.a(lib_a-findfp.o)
                0x0000000008002650                __sf_fake_stderr
 .rodata.__sf_fake_stdin
                0x0000000008002670       0x20 /usr/lib/gcc/arm-none-eabi/11.2.0/../../../../arm-none-eabi/lib/thumb/v6-m/nofp/libc_nano.a(lib_a-findfp.o)
                0x0000000008002670                __sf_fake_stdin
 .rodata.__sf_fake_stdout
                0x0000000008002690       0x20 /usr/lib/gcc/arm-none-eabi/11.2.0/../../../../arm-none-eabi/lib/thumb/v6-m/nofp/libc_nano.a(lib_a-findfp.o)
                0x0000000008002690                __sf_fake_stdout
 .rodata._get_semihosting_exts.str1.1
                0x00000000080026b0       0x16 /usr/lib/gcc/arm-none-eabi/11.2.0/../../../../arm-none-eabi/lib/thumb/v6-m/nofp/librdimon_nano.a(rdimon-syscalls.o)
 .rodata.initialise_monitor_handles.str1.1
                0x00000000080026c6        0x4 /usr/lib/gcc/arm-none-eabi/11.2.0/../../../../arm-none-eabi/lib/thumb/v6-m/nofp/librdimon_nano.a(rdimon-syscalls.o)
 .rodata.all_implied_fbits
                0x00000000080026ca       0x24 /usr/lib/gcc/arm-none-eabi/11.2.0/thumb/v6-m/nofp/crtend.o
 *(.init)
 *fill*         0x00000000080026ee        0x2 
 .init          0x00000000080026f0        0x4 /usr/lib/gcc/arm-none-eabi/11.2.0/thumb/v6-m/nofp/crti.o
                0x00000000080026f0                _init
 .init          0x00000000080026f4        0x8 /usr/lib/gcc/arm-none-eabi/11.2.0/thumb/v6-m/nofp/crtn.o
 *(.fini)
 .fini          0x00000000080026fc        0x4 /usr/lib/gcc/arm-none-eabi/11.2.0/thumb/v6-m/nofp/crti.o
                0x00000000080026fc                _fini
 .fini          0x0000000008002700        0x8 /usr/lib/gcc/arm-none-eabi/11.2.0/thumb/v6-m/nofp/crtn.o
                0x0000000008002708                . = ALIGN (0x4)
                0x0000000008002708                _etext = .
                0x0000000008002714                _la_data = LOADADDR (.data)

.glue_7         0x0000000008002708        0x0
 .glue_7        0x0000000008002708        0x0 linker stubs

.glue_7t        0x0000000008002708        0x0
 .glue_7t       0x0000000008002708        0x0 linker stubs

.vfp11_veneer   0x0000000008002708        0x0
 .vfp11_veneer  0x0000000008002708        0x0 linker stubs

.v4_bx          0x0000000008002708        0x0
 .v4_bx         0x0000000008002708        0x0 linker stubs

.iplt           0x0000000008002708        0x0
 .iplt          0x0000000008002708        0x0 /usr/lib/gcc/arm-none-eabi/11.2.0/thumb/v6-m/nofp/crtbegin.o

.eh_frame       0x0000000008002708        0x4
 .eh_frame      0x0000000008002708        0x0 /usr/lib/gcc/arm-none-eabi/11.2.0/thumb/v6-m/nofp/crtbegin.o
 .eh_frame      0x0000000008002708        0x4 /usr/lib/gcc/arm-none-eabi/11.2.0/thumb/v6-m/nofp/crtend.o

.ARM.extab      0x000000000800270c        0x0
 .ARM.extab     0x000000000800270c        0x0 /usr/lib/gcc/arm-none-eabi/11.2.0/../../../../arm-none-eabi/lib/thumb/v6-m/nofp/rdimon-crt0.o

.ARM.exidx      0x000000000800270c        0x8
 .ARM.exidx     0x000000000800270c        0x8 /usr/lib/gcc/arm-none-eabi/11.2.0/../../../../arm-none-eabi/lib/thumb/v6-m/nofp/rdimon-crt0.o
                                         0x10 (size before relaxing)

.rel.dyn        0x0000000008002714        0x0
 .rel.iplt      0x0000000008002714        0x0 /usr/lib/gcc/arm-none-eabi/11.2.0/thumb/v6-m/nofp/crtbegin.o

.data           0x0000000020000000      0x194 load address 0x0000000008002714
                0x0000000020000000                _sdata = .
 *(.data)
 .data          0x0000000020000000        0x0 /usr/lib/gcc/arm-none-eabi/11.2.0/thumb/v6-m/nofp/crti.o
 .data          0x0000000020000000        0x0 /usr/lib/gcc/arm-none-eabi/11.2.0/thumb/v6-m/nofp/crtbegin.o
 .data          0x0000000020000000      0x118 /usr/lib/gcc/arm-none-eabi/11.2.0/../../../../arm-none-eabi/lib/thumb/v6-m/nofp/rdimon-crt0.o
                0x0000000020000008                __stack_base__
 .data          0x0000000020000118        0x0 OutPutFile/ObjFiles/main.o
 .data          0x0000000020000118        0x0 OutPutFile/ObjFiles/stm32_startup.o
 .data          0x0000000020000118        0x0 OutPutFile/ObjFiles/gpio.o
 .data          0x0000000020000118        0x0 OutPutFile/ObjFiles/nvic.o
 .data          0x0000000020000118        0x0 OutPutFile/ObjFiles/uart.o
 .data          0x0000000020000118        0x0 /usr/lib/gcc/arm-none-eabi/11.2.0/thumb/v6-m/nofp/libgcc.a(_udivsi3.o)
 .data          0x0000000020000118        0x0 /usr/lib/gcc/arm-none-eabi/11.2.0/thumb/v6-m/nofp/libgcc.a(_dvmd_tls.o)
 .data          0x0000000020000118        0x0 /usr/lib/gcc/arm-none-eabi/11.2.0/../../../../arm-none-eabi/lib/thumb/v6-m/nofp/libc_nano.a(lib_a-atexit.o)
 .data          0x0000000020000118        0x0 /usr/lib/gcc/arm-none-eabi/11.2.0/../../../../arm-none-eabi/lib/thumb/v6-m/nofp/libc_nano.a(lib_a-exit.o)
 .data          0x0000000020000118        0x0 /usr/lib/gcc/arm-none-eabi/11.2.0/../../../../arm-none-eabi/lib/thumb/v6-m/nofp/libc_nano.a(lib_a-fini.o)
 .data          0x0000000020000118        0x0 /usr/lib/gcc/arm-none-eabi/11.2.0/../../../../arm-none-eabi/lib/thumb/v6-m/nofp/libc_nano.a(lib_a-impure.o)
 .data          0x0000000020000118        0x0 /usr/lib/gcc/arm-none-eabi/11.2.0/../../../../arm-none-eabi/lib/thumb/v6-m/nofp/libc_nano.a(lib_a-init.o)
 .data          0x0000000020000118        0x0 /usr/lib/gcc/arm-none-eabi/11.2.0/../../../../arm-none-eabi/lib/thumb/v6-m/nofp/libc_nano.a(lib_a-memset.o)
 .data          0x0000000020000118        0x0 /usr/lib/gcc/arm-none-eabi/11.2.0/../../../../arm-none-eabi/lib/thumb/v6-m/nofp/libc_nano.a(lib_a-putchar.o)
 .data          0x0000000020000118        0x0 /usr/lib/gcc/arm-none-eabi/11.2.0/../../../../arm-none-eabi/lib/thumb/v6-m/nofp/libc_nano.a(lib_a-putc.o)
 .data          0x0000000020000118        0x0 /usr/lib/gcc/arm-none-eabi/11.2.0/../../../../arm-none-eabi/lib/thumb/v6-m/nofp/libc_nano.a(lib_a-wbuf.o)
 .data          0x0000000020000118        0x0 /usr/lib/gcc/arm-none-eabi/11.2.0/../../../../arm-none-eabi/lib/thumb/v6-m/nofp/libc_nano.a(lib_a-wsetup.o)
 .data          0x0000000020000118        0x0 /usr/lib/gcc/arm-none-eabi/11.2.0/../../../../arm-none-eabi/lib/thumb/v6-m/nofp/libc_nano.a(lib_a-__atexit.o)
 .data          0x0000000020000118        0x0 /usr/lib/gcc/arm-none-eabi/11.2.0/../../../../arm-none-eabi/lib/thumb/v6-m/nofp/libc_nano.a(lib_a-__call_atexit.o)
 .data          0x0000000020000118        0x0 /usr/lib/gcc/arm-none-eabi/11.2.0/../../../../arm-none-eabi/lib/thumb/v6-m/nofp/libc_nano.a(lib_a-fflush.o)
 .data          0x0000000020000118        0x0 /usr/lib/gcc/arm-none-eabi/11.2.0/../../../../arm-none-eabi/lib/thumb/v6-m/nofp/libc_nano.a(lib_a-findfp.o)
 .data          0x0000000020000118        0x0 /usr/lib/gcc/arm-none-eabi/11.2.0/../../../../arm-none-eabi/lib/thumb/v6-m/nofp/libc_nano.a(lib_a-fwalk.o)
 .data          0x0000000020000118        0x0 /usr/lib/gcc/arm-none-eabi/11.2.0/../../../../arm-none-eabi/lib/thumb/v6-m/nofp/libc_nano.a(lib_a-lock.o)
 .data          0x0000000020000118        0x0 /usr/lib/gcc/arm-none-eabi/11.2.0/../../../../arm-none-eabi/lib/thumb/v6-m/nofp/libc_nano.a(lib_a-makebuf.o)
 .data          0x0000000020000118        0x0 /usr/lib/gcc/arm-none-eabi/11.2.0/../../../../arm-none-eabi/lib/thumb/v6-m/nofp/libc_nano.a(lib_a-nano-freer.o)
 .data          0x0000000020000118        0x0 /usr/lib/gcc/arm-none-eabi/11.2.0/../../../../arm-none-eabi/lib/thumb/v6-m/nofp/libc_nano.a(lib_a-nano-mallocr.o)
 .data          0x0000000020000118        0x0 /usr/lib/gcc/arm-none-eabi/11.2.0/../../../../arm-none-eabi/lib/thumb/v6-m/nofp/libc_nano.a(lib_a-sbrkr.o)
 .data          0x0000000020000118        0x0 /usr/lib/gcc/arm-none-eabi/11.2.0/../../../../arm-none-eabi/lib/thumb/v6-m/nofp/libc_nano.a(lib_a-stdio.o)
 .data          0x0000000020000118        0x0 /usr/lib/gcc/arm-none-eabi/11.2.0/../../../../arm-none-eabi/lib/thumb/v6-m/nofp/libc_nano.a(lib_a-writer.o)
 .data          0x0000000020000118        0x0 /usr/lib/gcc/arm-none-eabi/11.2.0/../../../../arm-none-eabi/lib/thumb/v6-m/nofp/libc_nano.a(lib_a-closer.o)
 .data          0x0000000020000118        0x0 /usr/lib/gcc/arm-none-eabi/11.2.0/../../../../arm-none-eabi/lib/thumb/v6-m/nofp/libc_nano.a(lib_a-fstatr.o)
 .data          0x0000000020000118        0x0 /usr/lib/gcc/arm-none-eabi/11.2.0/../../../../arm-none-eabi/lib/thumb/v6-m/nofp/libc_nano.a(lib_a-isattyr.o)
 .data          0x0000000020000118        0x0 /usr/lib/gcc/arm-none-eabi/11.2.0/../../../../arm-none-eabi/lib/thumb/v6-m/nofp/libc_nano.a(lib_a-lseekr.o)
 .data          0x0000000020000118        0x0 /usr/lib/gcc/arm-none-eabi/11.2.0/../../../../arm-none-eabi/lib/thumb/v6-m/nofp/libc_nano.a(lib_a-mlock.o)
 .data          0x0000000020000118        0x0 /usr/lib/gcc/arm-none-eabi/11.2.0/../../../../arm-none-eabi/lib/thumb/v6-m/nofp/libc_nano.a(lib_a-readr.o)
 .data          0x0000000020000118        0x0 /usr/lib/gcc/arm-none-eabi/11.2.0/../../../../arm-none-eabi/lib/thumb/v6-m/nofp/libc_nano.a(lib_a-reent.o)
 .data          0x0000000020000118        0x0 /usr/lib/gcc/arm-none-eabi/11.2.0/../../../../arm-none-eabi/lib/thumb/v6-m/nofp/librdimon_nano.a(rdimon-syscalls.o)
 .data          0x0000000020000118        0x0 /usr/lib/gcc/arm-none-eabi/11.2.0/../../../../arm-none-eabi/lib/thumb/v6-m/nofp/librdimon_nano.a(rdimon-_exit.o)
 .data          0x0000000020000118        0x0 /usr/lib/gcc/arm-none-eabi/11.2.0/../../../../arm-none-eabi/lib/thumb/v6-m/nofp/librdimon_nano.a(rdimon-_kill.o)
 .data          0x0000000020000118        0x0 /usr/lib/gcc/arm-none-eabi/11.2.0/../../../../arm-none-eabi/lib/thumb/v6-m/nofp/libc_nano.a(lib_a-errno.o)
 .data          0x0000000020000118        0x0 /usr/lib/gcc/arm-none-eabi/11.2.0/../../../../arm-none-eabi/lib/thumb/v6-m/nofp/libc_nano.a(lib_a-strlen.o)
 .data          0x0000000020000118        0x0 /usr/lib/gcc/arm-none-eabi/11.2.0/thumb/v6-m/nofp/crtend.o
 .data          0x0000000020000118        0x0 /usr/lib/gcc/arm-none-eabi/11.2.0/thumb/v6-m/nofp/crtn.o
 *(.data.*)
 .data.__dso_handle
                0x0000000020000118        0x4 /usr/lib/gcc/arm-none-eabi/11.2.0/thumb/v6-m/nofp/crtbegin.o
                0x0000000020000118                __dso_handle
 .data._impure_ptr
                0x000000002000011c        0x4 /usr/lib/gcc/arm-none-eabi/11.2.0/../../../../arm-none-eabi/lib/thumb/v6-m/nofp/libc_nano.a(lib_a-impure.o)
                0x000000002000011c                _impure_ptr
 .data.impure_data
                0x0000000020000120       0x60 /usr/lib/gcc/arm-none-eabi/11.2.0/../../../../arm-none-eabi/lib/thumb/v6-m/nofp/libc_nano.a(lib_a-impure.o)
 .data.__atexit_dummy
                0x0000000020000180        0x4 /usr/lib/gcc/arm-none-eabi/11.2.0/../../../../arm-none-eabi/lib/thumb/v6-m/nofp/libc_nano.a(lib_a-__atexit.o)
                0x0000000020000180                __atexit_dummy
 .data.__atexit_recursive_mutex
                0x0000000020000184        0x4 /usr/lib/gcc/arm-none-eabi/11.2.0/../../../../arm-none-eabi/lib/thumb/v6-m/nofp/libc_nano.a(lib_a-__call_atexit.o)
                0x0000000020000184                __atexit_recursive_mutex
 .data.__heap_limit
                0x0000000020000188        0x4 /usr/lib/gcc/arm-none-eabi/11.2.0/../../../../arm-none-eabi/lib/thumb/v6-m/nofp/librdimon_nano.a(rdimon-syscalls.o)
                0x0000000020000188                __heap_limit
 .data.supports_ext_exit_extended
                0x000000002000018c        0x4 /usr/lib/gcc/arm-none-eabi/11.2.0/../../../../arm-none-eabi/lib/thumb/v6-m/nofp/librdimon_nano.a(rdimon-syscalls.o)
 .data.supports_ext_stdout_stderr
                0x0000000020000190        0x4 /usr/lib/gcc/arm-none-eabi/11.2.0/../../../../arm-none-eabi/lib/thumb/v6-m/nofp/librdimon_nano.a(rdimon-syscalls.o)
                0x0000000020000194                . = ALIGN (0x4)
                0x0000000020000194                _edata = .

.init_array     0x0000000020000194        0x4 load address 0x00000000080028a8
 .init_array    0x0000000020000194        0x4 /usr/lib/gcc/arm-none-eabi/11.2.0/thumb/v6-m/nofp/crtbegin.o

.fini_array     0x0000000020000198        0x4 load address 0x00000000080028ac
 .fini_array    0x0000000020000198        0x4 /usr/lib/gcc/arm-none-eabi/11.2.0/thumb/v6-m/nofp/crtbegin.o

.igot.plt       0x000000002000019c        0x0 load address 0x00000000080028b0
 .igot.plt      0x000000002000019c        0x0 /usr/lib/gcc/arm-none-eabi/11.2.0/thumb/v6-m/nofp/crtbegin.o

.bss            0x000000002000019c      0x1c8 load address 0x00000000080028b0
                0x000000002000019c                _sbss = .
                0x000000002000019c                __bss_start__ = _sbss
 *(.bss)
 .bss           0x000000002000019c        0x0 /usr/lib/gcc/arm-none-eabi/11.2.0/thumb/v6-m/nofp/crti.o
 .bss           0x000000002000019c        0x0 /usr/lib/gcc/arm-none-eabi/11.2.0/thumb/v6-m/nofp/crtbegin.o
 .bss           0x000000002000019c        0x0 /usr/lib/gcc/arm-none-eabi/11.2.0/../../../../arm-none-eabi/lib/thumb/v6-m/nofp/rdimon-crt0.o
 .bss           0x000000002000019c       0x54 OutPutFile/ObjFiles/main.o
                0x000000002000019c                flag
                0x00000000200001a0                portConfig
                0x00000000200001a8                uartConfig
                0x00000000200001d4                RxBuffer
                0x00000000200001e8                RxByte
                0x00000000200001e9                status
 .bss           0x00000000200001f0        0x0 OutPutFile/ObjFiles/stm32_startup.o
 .bss           0x00000000200001f0        0x0 OutPutFile/ObjFiles/gpio.o
 .bss           0x00000000200001f0        0x0 OutPutFile/ObjFiles/nvic.o
 .bss           0x00000000200001f0        0x0 OutPutFile/ObjFiles/uart.o
 .bss           0x00000000200001f0        0x0 /usr/lib/gcc/arm-none-eabi/11.2.0/thumb/v6-m/nofp/libgcc.a(_udivsi3.o)
 .bss           0x00000000200001f0        0x0 /usr/lib/gcc/arm-none-eabi/11.2.0/thumb/v6-m/nofp/libgcc.a(_dvmd_tls.o)
 .bss           0x00000000200001f0        0x0 /usr/lib/gcc/arm-none-eabi/11.2.0/../../../../arm-none-eabi/lib/thumb/v6-m/nofp/libc_nano.a(lib_a-atexit.o)
 .bss           0x00000000200001f0        0x0 /usr/lib/gcc/arm-none-eabi/11.2.0/../../../../arm-none-eabi/lib/thumb/v6-m/nofp/libc_nano.a(lib_a-exit.o)
 .bss           0x00000000200001f0        0x0 /usr/lib/gcc/arm-none-eabi/11.2.0/../../../../arm-none-eabi/lib/thumb/v6-m/nofp/libc_nano.a(lib_a-fini.o)
 .bss           0x00000000200001f0        0x0 /usr/lib/gcc/arm-none-eabi/11.2.0/../../../../arm-none-eabi/lib/thumb/v6-m/nofp/libc_nano.a(lib_a-impure.o)
 .bss           0x00000000200001f0        0x0 /usr/lib/gcc/arm-none-eabi/11.2.0/../../../../arm-none-eabi/lib/thumb/v6-m/nofp/libc_nano.a(lib_a-init.o)
 .bss           0x00000000200001f0        0x0 /usr/lib/gcc/arm-none-eabi/11.2.0/../../../../arm-none-eabi/lib/thumb/v6-m/nofp/libc_nano.a(lib_a-memset.o)
 .bss           0x00000000200001f0        0x0 /usr/lib/gcc/arm-none-eabi/11.2.0/../../../../arm-none-eabi/lib/thumb/v6-m/nofp/libc_nano.a(lib_a-putchar.o)
 .bss           0x00000000200001f0        0x0 /usr/lib/gcc/arm-none-eabi/11.2.0/../../../../arm-none-eabi/lib/thumb/v6-m/nofp/libc_nano.a(lib_a-putc.o)
 .bss           0x00000000200001f0        0x0 /usr/lib/gcc/arm-none-eabi/11.2.0/../../../../arm-none-eabi/lib/thumb/v6-m/nofp/libc_nano.a(lib_a-wbuf.o)
 .bss           0x00000000200001f0        0x0 /usr/lib/gcc/arm-none-eabi/11.2.0/../../../../arm-none-eabi/lib/thumb/v6-m/nofp/libc_nano.a(lib_a-wsetup.o)
 .bss           0x00000000200001f0        0x0 /usr/lib/gcc/arm-none-eabi/11.2.0/../../../../arm-none-eabi/lib/thumb/v6-m/nofp/libc_nano.a(lib_a-__atexit.o)
 .bss           0x00000000200001f0        0x0 /usr/lib/gcc/arm-none-eabi/11.2.0/../../../../arm-none-eabi/lib/thumb/v6-m/nofp/libc_nano.a(lib_a-__call_atexit.o)
 .bss           0x00000000200001f0        0x0 /usr/lib/gcc/arm-none-eabi/11.2.0/../../../../arm-none-eabi/lib/thumb/v6-m/nofp/libc_nano.a(lib_a-fflush.o)
 .bss           0x00000000200001f0        0x0 /usr/lib/gcc/arm-none-eabi/11.2.0/../../../../arm-none-eabi/lib/thumb/v6-m/nofp/libc_nano.a(lib_a-findfp.o)
 .bss           0x00000000200001f0        0x0 /usr/lib/gcc/arm-none-eabi/11.2.0/../../../../arm-none-eabi/lib/thumb/v6-m/nofp/libc_nano.a(lib_a-fwalk.o)
 .bss           0x00000000200001f0        0x0 /usr/lib/gcc/arm-none-eabi/11.2.0/../../../../arm-none-eabi/lib/thumb/v6-m/nofp/libc_nano.a(lib_a-lock.o)
 .bss           0x00000000200001f0        0x0 /usr/lib/gcc/arm-none-eabi/11.2.0/../../../../arm-none-eabi/lib/thumb/v6-m/nofp/libc_nano.a(lib_a-makebuf.o)
 .bss           0x00000000200001f0        0x0 /usr/lib/gcc/arm-none-eabi/11.2.0/../../../../arm-none-eabi/lib/thumb/v6-m/nofp/libc_nano.a(lib_a-nano-freer.o)
 .bss           0x00000000200001f0        0x0 /usr/lib/gcc/arm-none-eabi/11.2.0/../../../../arm-none-eabi/lib/thumb/v6-m/nofp/libc_nano.a(lib_a-nano-mallocr.o)
 .bss           0x00000000200001f0        0x0 /usr/lib/gcc/arm-none-eabi/11.2.0/../../../../arm-none-eabi/lib/thumb/v6-m/nofp/libc_nano.a(lib_a-sbrkr.o)
 .bss           0x00000000200001f0        0x0 /usr/lib/gcc/arm-none-eabi/11.2.0/../../../../arm-none-eabi/lib/thumb/v6-m/nofp/libc_nano.a(lib_a-stdio.o)
 .bss           0x00000000200001f0        0x0 /usr/lib/gcc/arm-none-eabi/11.2.0/../../../../arm-none-eabi/lib/thumb/v6-m/nofp/libc_nano.a(lib_a-writer.o)
 .bss           0x00000000200001f0        0x0 /usr/lib/gcc/arm-none-eabi/11.2.0/../../../../arm-none-eabi/lib/thumb/v6-m/nofp/libc_nano.a(lib_a-closer.o)
 .bss           0x00000000200001f0        0x0 /usr/lib/gcc/arm-none-eabi/11.2.0/../../../../arm-none-eabi/lib/thumb/v6-m/nofp/libc_nano.a(lib_a-fstatr.o)
 .bss           0x00000000200001f0        0x0 /usr/lib/gcc/arm-none-eabi/11.2.0/../../../../arm-none-eabi/lib/thumb/v6-m/nofp/libc_nano.a(lib_a-isattyr.o)
 .bss           0x00000000200001f0        0x0 /usr/lib/gcc/arm-none-eabi/11.2.0/../../../../arm-none-eabi/lib/thumb/v6-m/nofp/libc_nano.a(lib_a-lseekr.o)
 .bss           0x00000000200001f0        0x0 /usr/lib/gcc/arm-none-eabi/11.2.0/../../../../arm-none-eabi/lib/thumb/v6-m/nofp/libc_nano.a(lib_a-mlock.o)
 .bss           0x00000000200001f0        0x0 /usr/lib/gcc/arm-none-eabi/11.2.0/../../../../arm-none-eabi/lib/thumb/v6-m/nofp/libc_nano.a(lib_a-readr.o)
 .bss           0x00000000200001f0        0x0 /usr/lib/gcc/arm-none-eabi/11.2.0/../../../../arm-none-eabi/lib/thumb/v6-m/nofp/libc_nano.a(lib_a-reent.o)
 .bss           0x00000000200001f0        0x0 /usr/lib/gcc/arm-none-eabi/11.2.0/../../../../arm-none-eabi/lib/thumb/v6-m/nofp/librdimon_nano.a(rdimon-syscalls.o)
 .bss           0x00000000200001f0        0x0 /usr/lib/gcc/arm-none-eabi/11.2.0/../../../../arm-none-eabi/lib/thumb/v6-m/nofp/librdimon_nano.a(rdimon-_exit.o)
 .bss           0x00000000200001f0        0x0 /usr/lib/gcc/arm-none-eabi/11.2.0/../../../../arm-none-eabi/lib/thumb/v6-m/nofp/librdimon_nano.a(rdimon-_kill.o)
 .bss           0x00000000200001f0        0x0 /usr/lib/gcc/arm-none-eabi/11.2.0/../../../../arm-none-eabi/lib/thumb/v6-m/nofp/libc_nano.a(lib_a-errno.o)
 .bss           0x00000000200001f0        0x0 /usr/lib/gcc/arm-none-eabi/11.2.0/../../../../arm-none-eabi/lib/thumb/v6-m/nofp/libc_nano.a(lib_a-strlen.o)
 .bss           0x00000000200001f0        0x0 /usr/lib/gcc/arm-none-eabi/11.2.0/thumb/v6-m/nofp/crtend.o
 .bss           0x00000000200001f0        0x0 /usr/lib/gcc/arm-none-eabi/11.2.0/thumb/v6-m/nofp/crtn.o
 *(.bss.*)
 .bss.completed.1
                0x00000000200001f0        0x1 /usr/lib/gcc/arm-none-eabi/11.2.0/thumb/v6-m/nofp/crtbegin.o
 *fill*         0x00000000200001f1        0x3 
 .bss.object.0  0x00000000200001f4       0x18 /usr/lib/gcc/arm-none-eabi/11.2.0/thumb/v6-m/nofp/crtbegin.o
 .bss._global_atexit0
                0x000000002000020c       0x8c /usr/lib/gcc/arm-none-eabi/11.2.0/../../../../arm-none-eabi/lib/thumb/v6-m/nofp/libc_nano.a(lib_a-__atexit.o)
 .bss._global_atexit
                0x0000000020000298        0x4 /usr/lib/gcc/arm-none-eabi/11.2.0/../../../../arm-none-eabi/lib/thumb/v6-m/nofp/libc_nano.a(lib_a-__call_atexit.o)
                0x0000000020000298                _global_atexit
 .bss.__lock___arc4random_mutex
                0x000000002000029c        0x1 /usr/lib/gcc/arm-none-eabi/11.2.0/../../../../arm-none-eabi/lib/thumb/v6-m/nofp/libc_nano.a(lib_a-lock.o)
                0x000000002000029c                __lock___arc4random_mutex
 .bss.__lock___at_quick_exit_mutex
                0x000000002000029d        0x1 /usr/lib/gcc/arm-none-eabi/11.2.0/../../../../arm-none-eabi/lib/thumb/v6-m/nofp/libc_nano.a(lib_a-lock.o)
                0x000000002000029d                __lock___at_quick_exit_mutex
 .bss.__lock___atexit_recursive_mutex
                0x000000002000029e        0x1 /usr/lib/gcc/arm-none-eabi/11.2.0/../../../../arm-none-eabi/lib/thumb/v6-m/nofp/libc_nano.a(lib_a-lock.o)
                0x000000002000029e                __lock___atexit_recursive_mutex
 .bss.__lock___dd_hash_mutex
                0x000000002000029f        0x1 /usr/lib/gcc/arm-none-eabi/11.2.0/../../../../arm-none-eabi/lib/thumb/v6-m/nofp/libc_nano.a(lib_a-lock.o)
                0x000000002000029f                __lock___dd_hash_mutex
 .bss.__lock___env_recursive_mutex
                0x00000000200002a0        0x1 /usr/lib/gcc/arm-none-eabi/11.2.0/../../../../arm-none-eabi/lib/thumb/v6-m/nofp/libc_nano.a(lib_a-lock.o)
                0x00000000200002a0                __lock___env_recursive_mutex
 .bss.__lock___malloc_recursive_mutex
                0x00000000200002a1        0x1 /usr/lib/gcc/arm-none-eabi/11.2.0/../../../../arm-none-eabi/lib/thumb/v6-m/nofp/libc_nano.a(lib_a-lock.o)
                0x00000000200002a1                __lock___malloc_recursive_mutex
 .bss.__lock___sfp_recursive_mutex
                0x00000000200002a2        0x1 /usr/lib/gcc/arm-none-eabi/11.2.0/../../../../arm-none-eabi/lib/thumb/v6-m/nofp/libc_nano.a(lib_a-lock.o)
                0x00000000200002a2                __lock___sfp_recursive_mutex
 .bss.__lock___sinit_recursive_mutex
                0x00000000200002a3        0x1 /usr/lib/gcc/arm-none-eabi/11.2.0/../../../../arm-none-eabi/lib/thumb/v6-m/nofp/libc_nano.a(lib_a-lock.o)
                0x00000000200002a3                __lock___sinit_recursive_mutex
 .bss.__lock___tz_mutex
                0x00000000200002a4        0x1 /usr/lib/gcc/arm-none-eabi/11.2.0/../../../../arm-none-eabi/lib/thumb/v6-m/nofp/libc_nano.a(lib_a-lock.o)
                0x00000000200002a4                __lock___tz_mutex
 *fill*         0x00000000200002a5        0x3 
 .bss.__malloc_free_list
                0x00000000200002a8        0x4 /usr/lib/gcc/arm-none-eabi/11.2.0/../../../../arm-none-eabi/lib/thumb/v6-m/nofp/libc_nano.a(lib_a-nano-mallocr.o)
                0x00000000200002a8                __malloc_free_list
 .bss.__malloc_sbrk_start
                0x00000000200002ac        0x4 /usr/lib/gcc/arm-none-eabi/11.2.0/../../../../arm-none-eabi/lib/thumb/v6-m/nofp/libc_nano.a(lib_a-nano-mallocr.o)
                0x00000000200002ac                __malloc_sbrk_start
 .bss.errno     0x00000000200002b0        0x4 /usr/lib/gcc/arm-none-eabi/11.2.0/../../../../arm-none-eabi/lib/thumb/v6-m/nofp/libc_nano.a(lib_a-reent.o)
                0x00000000200002b0                errno
 .bss.heap_end.0
                0x00000000200002b4        0x4 /usr/lib/gcc/arm-none-eabi/11.2.0/../../../../arm-none-eabi/lib/thumb/v6-m/nofp/librdimon_nano.a(rdimon-syscalls.o)
 .bss.monitor_stderr
                0x00000000200002b8        0x4 /usr/lib/gcc/arm-none-eabi/11.2.0/../../../../arm-none-eabi/lib/thumb/v6-m/nofp/librdimon_nano.a(rdimon-syscalls.o)
 .bss.monitor_stdin
                0x00000000200002bc        0x4 /usr/lib/gcc/arm-none-eabi/11.2.0/../../../../arm-none-eabi/lib/thumb/v6-m/nofp/librdimon_nano.a(rdimon-syscalls.o)
 .bss.monitor_stdout
                0x00000000200002c0        0x4 /usr/lib/gcc/arm-none-eabi/11.2.0/../../../../arm-none-eabi/lib/thumb/v6-m/nofp/librdimon_nano.a(rdimon-syscalls.o)
 .bss.openfiles
                0x00000000200002c4       0xa0 /usr/lib/gcc/arm-none-eabi/11.2.0/../../../../arm-none-eabi/lib/thumb/v6-m/nofp/librdimon_nano.a(rdimon-syscalls.o)
 *(COMMON)
                0x0000000020000364                . = ALIGN (0x4)
                0x0000000020000364                _ebss = .
                0x0000000020000364                __bss_end__ = _ebss
                0x0000000020000364                . = ALIGN (0x4)
                0x0000000020000364                end = .
                0x0000000020000364                __end__ = end
OUTPUT(OutPutFile/temp.elf elf32-littlearm)
LOAD linker stubs

.ARM.attributes
                0x0000000000000000       0x28
 .ARM.attributes
                0x0000000000000000       0x1e /usr/lib/gcc/arm-none-eabi/11.2.0/thumb/v6-m/nofp/crti.o
 .ARM.attributes
                0x000000000000001e       0x2c /usr/lib/gcc/arm-none-eabi/11.2.0/thumb/v6-m/nofp/crtbegin.o
 .ARM.attributes
                0x000000000000004a       0x1b /usr/lib/gcc/arm-none-eabi/11.2.0/../../../../arm-none-eabi/lib/thumb/v6-m/nofp/rdimon-crt0.o
 .ARM.attributes
                0x0000000000000065       0x2c OutPutFile/ObjFiles/main.o
 .ARM.attributes
                0x0000000000000091       0x2c OutPutFile/ObjFiles/stm32_startup.o
 .ARM.attributes
                0x00000000000000bd       0x2c OutPutFile/ObjFiles/gpio.o
 .ARM.attributes
                0x00000000000000e9       0x2c OutPutFile/ObjFiles/nvic.o
 .ARM.attributes
                0x0000000000000115       0x2c OutPutFile/ObjFiles/uart.o
 .ARM.attributes
                0x0000000000000141       0x1e /usr/lib/gcc/arm-none-eabi/11.2.0/thumb/v6-m/nofp/libgcc.a(_udivsi3.o)
 .ARM.attributes
                0x000000000000015f       0x1e /usr/lib/gcc/arm-none-eabi/11.2.0/thumb/v6-m/nofp/libgcc.a(_dvmd_tls.o)
 .ARM.attributes
                0x000000000000017d       0x2c /usr/lib/gcc/arm-none-eabi/11.2.0/../../../../arm-none-eabi/lib/thumb/v6-m/nofp/libc_nano.a(lib_a-atexit.o)
 .ARM.attributes
                0x00000000000001a9       0x2c /usr/lib/gcc/arm-none-eabi/11.2.0/../../../../arm-none-eabi/lib/thumb/v6-m/nofp/libc_nano.a(lib_a-exit.o)
 .ARM.attributes
                0x00000000000001d5       0x2c /usr/lib/gcc/arm-none-eabi/11.2.0/../../../../arm-none-eabi/lib/thumb/v6-m/nofp/libc_nano.a(lib_a-fini.o)
 .ARM.attributes
                0x0000000000000201       0x2c /usr/lib/gcc/arm-none-eabi/11.2.0/../../../../arm-none-eabi/lib/thumb/v6-m/nofp/libc_nano.a(lib_a-impure.o)
 .ARM.attributes
                0x000000000000022d       0x2c /usr/lib/gcc/arm-none-eabi/11.2.0/../../../../arm-none-eabi/lib/thumb/v6-m/nofp/libc_nano.a(lib_a-init.o)
 .ARM.attributes
                0x0000000000000259       0x2c /usr/lib/gcc/arm-none-eabi/11.2.0/../../../../arm-none-eabi/lib/thumb/v6-m/nofp/libc_nano.a(lib_a-memset.o)
 .ARM.attributes
                0x0000000000000285       0x2c /usr/lib/gcc/arm-none-eabi/11.2.0/../../../../arm-none-eabi/lib/thumb/v6-m/nofp/libc_nano.a(lib_a-putchar.o)
 .ARM.attributes
                0x00000000000002b1       0x2c /usr/lib/gcc/arm-none-eabi/11.2.0/../../../../arm-none-eabi/lib/thumb/v6-m/nofp/libc_nano.a(lib_a-putc.o)
 .ARM.attributes
                0x00000000000002dd       0x2c /usr/lib/gcc/arm-none-eabi/11.2.0/../../../../arm-none-eabi/lib/thumb/v6-m/nofp/libc_nano.a(lib_a-wbuf.o)
 .ARM.attributes
                0x0000000000000309       0x2c /usr/lib/gcc/arm-none-eabi/11.2.0/../../../../arm-none-eabi/lib/thumb/v6-m/nofp/libc_nano.a(lib_a-wsetup.o)
 .ARM.attributes
                0x0000000000000335       0x2c /usr/lib/gcc/arm-none-eabi/11.2.0/../../../../arm-none-eabi/lib/thumb/v6-m/nofp/libc_nano.a(lib_a-__atexit.o)
 .ARM.attributes
                0x0000000000000361       0x2c /usr/lib/gcc/arm-none-eabi/11.2.0/../../../../arm-none-eabi/lib/thumb/v6-m/nofp/libc_nano.a(lib_a-__call_atexit.o)
 .ARM.attributes
                0x000000000000038d       0x2c /usr/lib/gcc/arm-none-eabi/11.2.0/../../../../arm-none-eabi/lib/thumb/v6-m/nofp/libc_nano.a(lib_a-fflush.o)
 .ARM.attributes
                0x00000000000003b9       0x2c /usr/lib/gcc/arm-none-eabi/11.2.0/../../../../arm-none-eabi/lib/thumb/v6-m/nofp/libc_nano.a(lib_a-findfp.o)
 .ARM.attributes
                0x00000000000003e5       0x2c /usr/lib/gcc/arm-none-eabi/11.2.0/../../../../arm-none-eabi/lib/thumb/v6-m/nofp/libc_nano.a(lib_a-fwalk.o)
 .ARM.attributes
                0x0000000000000411       0x2c /usr/lib/gcc/arm-none-eabi/11.2.0/../../../../arm-none-eabi/lib/thumb/v6-m/nofp/libc_nano.a(lib_a-lock.o)
 .ARM.attributes
                0x000000000000043d       0x2c /usr/lib/gcc/arm-none-eabi/11.2.0/../../../../arm-none-eabi/lib/thumb/v6-m/nofp/libc_nano.a(lib_a-makebuf.o)
 .ARM.attributes
                0x0000000000000469       0x2c /usr/lib/gcc/arm-none-eabi/11.2.0/../../../../arm-none-eabi/lib/thumb/v6-m/nofp/libc_nano.a(lib_a-nano-freer.o)
 .ARM.attributes
                0x0000000000000495       0x2c /usr/lib/gcc/arm-none-eabi/11.2.0/../../../../arm-none-eabi/lib/thumb/v6-m/nofp/libc_nano.a(lib_a-nano-mallocr.o)
 .ARM.attributes
                0x00000000000004c1       0x2c /usr/lib/gcc/arm-none-eabi/11.2.0/../../../../arm-none-eabi/lib/thumb/v6-m/nofp/libc_nano.a(lib_a-sbrkr.o)
 .ARM.attributes
                0x00000000000004ed       0x2c /usr/lib/gcc/arm-none-eabi/11.2.0/../../../../arm-none-eabi/lib/thumb/v6-m/nofp/libc_nano.a(lib_a-stdio.o)
 .ARM.attributes
                0x0000000000000519       0x2c /usr/lib/gcc/arm-none-eabi/11.2.0/../../../../arm-none-eabi/lib/thumb/v6-m/nofp/libc_nano.a(lib_a-writer.o)
 .ARM.attributes
                0x0000000000000545       0x2c /usr/lib/gcc/arm-none-eabi/11.2.0/../../../../arm-none-eabi/lib/thumb/v6-m/nofp/libc_nano.a(lib_a-closer.o)
 .ARM.attributes
                0x0000000000000571       0x2c /usr/lib/gcc/arm-none-eabi/11.2.0/../../../../arm-none-eabi/lib/thumb/v6-m/nofp/libc_nano.a(lib_a-fstatr.o)
 .ARM.attributes
                0x000000000000059d       0x2c /usr/lib/gcc/arm-none-eabi/11.2.0/../../../../arm-none-eabi/lib/thumb/v6-m/nofp/libc_nano.a(lib_a-isattyr.o)
 .ARM.attributes
                0x00000000000005c9       0x2c /usr/lib/gcc/arm-none-eabi/11.2.0/../../../../arm-none-eabi/lib/thumb/v6-m/nofp/libc_nano.a(lib_a-lseekr.o)
 .ARM.attributes
                0x00000000000005f5       0x2c /usr/lib/gcc/arm-none-eabi/11.2.0/../../../../arm-none-eabi/lib/thumb/v6-m/nofp/libc_nano.a(lib_a-mlock.o)
 .ARM.attributes
                0x0000000000000621       0x2c /usr/lib/gcc/arm-none-eabi/11.2.0/../../../../arm-none-eabi/lib/thumb/v6-m/nofp/libc_nano.a(lib_a-readr.o)
 .ARM.attributes
                0x000000000000064d       0x2c /usr/lib/gcc/arm-none-eabi/11.2.0/../../../../arm-none-eabi/lib/thumb/v6-m/nofp/libc_nano.a(lib_a-reent.o)
 .ARM.attributes
                0x0000000000000679       0x2c /usr/lib/gcc/arm-none-eabi/11.2.0/../../../../arm-none-eabi/lib/thumb/v6-m/nofp/librdimon_nano.a(rdimon-syscalls.o)
 .ARM.attributes
                0x00000000000006a5       0x2c /usr/lib/gcc/arm-none-eabi/11.2.0/../../../../arm-none-eabi/lib/thumb/v6-m/nofp/librdimon_nano.a(rdimon-_exit.o)
 .ARM.attributes
                0x00000000000006d1       0x2c /usr/lib/gcc/arm-none-eabi/11.2.0/../../../../arm-none-eabi/lib/thumb/v6-m/nofp/librdimon_nano.a(rdimon-_kill.o)
 .ARM.attributes
                0x00000000000006fd       0x2c /usr/lib/gcc/arm-none-eabi/11.2.0/../../../../arm-none-eabi/lib/thumb/v6-m/nofp/libc_nano.a(lib_a-errno.o)
 .ARM.attributes
                0x0000000000000729       0x1c /usr/lib/gcc/arm-none-eabi/11.2.0/../../../../arm-none-eabi/lib/thumb/v6-m/nofp/libc_nano.a(lib_a-strlen.o)
 .ARM.attributes
                0x0000000000000745       0x2c /usr/lib/gcc/arm-none-eabi/11.2.0/thumb/v6-m/nofp/crtend.o
 .ARM.attributes
                0x0000000000000771       0x1e /usr/lib/gcc/arm-none-eabi/11.2.0/thumb/v6-m/nofp/crtn.o

.comment        0x0000000000000000       0x1e
 .comment       0x0000000000000000       0x1e OutPutFile/ObjFiles/main.o
                                         0x1f (size before relaxing)
 .comment       0x000000000000001e       0x1f OutPutFile/ObjFiles/stm32_startup.o
 .comment       0x000000000000001e       0x1f OutPutFile/ObjFiles/gpio.o
 .comment       0x000000000000001e       0x1f OutPutFile/ObjFiles/nvic.o
 .comment       0x000000000000001e       0x1f OutPutFile/ObjFiles/uart.o

.debug_info     0x0000000000000000     0x1730
 .debug_info    0x0000000000000000      0x893 OutPutFile/ObjFiles/main.o
 .debug_info    0x0000000000000893      0x147 OutPutFile/ObjFiles/stm32_startup.o
 .debug_info    0x00000000000009da      0x5d9 OutPutFile/ObjFiles/gpio.o
 .debug_info    0x0000000000000fb3      0x2fa OutPutFile/ObjFiles/nvic.o
 .debug_info    0x00000000000012ad      0x43a OutPutFile/ObjFiles/uart.o
 .debug_info    0x00000000000016e7       0x25 /usr/lib/gcc/arm-none-eabi/11.2.0/thumb/v6-m/nofp/libgcc.a(_udivsi3.o)
 .debug_info    0x000000000000170c       0x24 /usr/lib/gcc/arm-none-eabi/11.2.0/thumb/v6-m/nofp/libgcc.a(_dvmd_tls.o)

.debug_abbrev   0x0000000000000000      0x69d
 .debug_abbrev  0x0000000000000000      0x1c2 OutPutFile/ObjFiles/main.o
 .debug_abbrev  0x00000000000001c2      0x116 OutPutFile/ObjFiles/stm32_startup.o
 .debug_abbrev  0x00000000000002d8      0x157 OutPutFile/ObjFiles/gpio.o
 .debug_abbrev  0x000000000000042f      0x123 OutPutFile/ObjFiles/nvic.o
 .debug_abbrev  0x0000000000000552      0x123 OutPutFile/ObjFiles/uart.o
 .debug_abbrev  0x0000000000000675       0x14 /usr/lib/gcc/arm-none-eabi/11.2.0/thumb/v6-m/nofp/libgcc.a(_udivsi3.o)
 .debug_abbrev  0x0000000000000689       0x14 /usr/lib/gcc/arm-none-eabi/11.2.0/thumb/v6-m/nofp/libgcc.a(_dvmd_tls.o)

.debug_aranges  0x0000000000000000       0xe0
 .debug_aranges
                0x0000000000000000       0x20 OutPutFile/ObjFiles/main.o
 .debug_aranges
                0x0000000000000020       0x20 OutPutFile/ObjFiles/stm32_startup.o
 .debug_aranges
                0x0000000000000040       0x20 OutPutFile/ObjFiles/gpio.o
 .debug_aranges
                0x0000000000000060       0x20 OutPutFile/ObjFiles/nvic.o
 .debug_aranges
                0x0000000000000080       0x20 OutPutFile/ObjFiles/uart.o
 .debug_aranges
                0x00000000000000a0       0x20 /usr/lib/gcc/arm-none-eabi/11.2.0/thumb/v6-m/nofp/libgcc.a(_udivsi3.o)
 .debug_aranges
                0x00000000000000c0       0x20 /usr/lib/gcc/arm-none-eabi/11.2.0/thumb/v6-m/nofp/libgcc.a(_dvmd_tls.o)

.debug_macro    0x0000000000000000     0x1f60
 .debug_macro   0x0000000000000000      0x1d6 OutPutFile/ObjFiles/main.o
 .debug_macro   0x00000000000001d6      0xa6c OutPutFile/ObjFiles/main.o
 .debug_macro   0x0000000000000c42       0x22 OutPutFile/ObjFiles/main.o
 .debug_macro   0x0000000000000c64       0x5e OutPutFile/ObjFiles/main.o
 .debug_macro   0x0000000000000cc2       0x18 OutPutFile/ObjFiles/main.o
 .debug_macro   0x0000000000000cda       0x94 OutPutFile/ObjFiles/main.o
 .debug_macro   0x0000000000000d6e       0x35 OutPutFile/ObjFiles/main.o
 .debug_macro   0x0000000000000da3       0x34 OutPutFile/ObjFiles/main.o
 .debug_macro   0x0000000000000dd7       0x16 OutPutFile/ObjFiles/main.o
 .debug_macro   0x0000000000000ded       0x57 OutPutFile/ObjFiles/main.o
 .debug_macro   0x0000000000000e44       0x97 OutPutFile/ObjFiles/main.o
 .debug_macro   0x0000000000000edb      0x35d OutPutFile/ObjFiles/main.o
 .debug_macro   0x0000000000001238       0xf6 OutPutFile/ObjFiles/main.o
 .debug_macro   0x000000000000132e       0x10 OutPutFile/ObjFiles/main.o
 .debug_macro   0x000000000000133e       0x16 OutPutFile/ObjFiles/main.o
 .debug_macro   0x0000000000001354       0x43 OutPutFile/ObjFiles/main.o
 .debug_macro   0x0000000000001397       0x34 OutPutFile/ObjFiles/main.o
 .debug_macro   0x00000000000013cb       0x10 OutPutFile/ObjFiles/main.o
 .debug_macro   0x00000000000013db       0x58 OutPutFile/ObjFiles/main.o
 .debug_macro   0x0000000000001433      0x182 OutPutFile/ObjFiles/main.o
 .debug_macro   0x00000000000015b5       0x10 OutPutFile/ObjFiles/main.o
 .debug_macro   0x00000000000015c5       0x6a OutPutFile/ObjFiles/main.o
 .debug_macro   0x000000000000162f       0x1c OutPutFile/ObjFiles/main.o
 .debug_macro   0x000000000000164b       0x52 OutPutFile/ObjFiles/main.o
 .debug_macro   0x000000000000169d       0x22 OutPutFile/ObjFiles/main.o
 .debug_macro   0x00000000000016bf       0x10 OutPutFile/ObjFiles/main.o
 .debug_macro   0x00000000000016cf       0x52 OutPutFile/ObjFiles/main.o
 .debug_macro   0x0000000000001721       0xd5 OutPutFile/ObjFiles/main.o
 .debug_macro   0x00000000000017f6       0x1c OutPutFile/ObjFiles/main.o
 .debug_macro   0x0000000000001812       0x3d OutPutFile/ObjFiles/main.o
 .debug_macro   0x000000000000184f       0x16 OutPutFile/ObjFiles/main.o
 .debug_macro   0x0000000000001865      0x16f OutPutFile/ObjFiles/main.o
 .debug_macro   0x00000000000019d4       0x5e OutPutFile/ObjFiles/main.o
 .debug_macro   0x0000000000001a32       0xfa OutPutFile/ObjFiles/main.o
 .debug_macro   0x0000000000001b2c       0x70 OutPutFile/ObjFiles/main.o
 .debug_macro   0x0000000000001b9c       0x64 OutPutFile/ObjFiles/main.o
 .debug_macro   0x0000000000001c00       0x22 OutPutFile/ObjFiles/main.o
 .debug_macro   0x0000000000001c22       0x7c OutPutFile/ObjFiles/main.o
 .debug_macro   0x0000000000001c9e       0x29 OutPutFile/ObjFiles/stm32_startup.o
 .debug_macro   0x0000000000001cc7       0x4a OutPutFile/ObjFiles/gpio.o
 .debug_macro   0x0000000000001d11       0x56 OutPutFile/ObjFiles/nvic.o
 .debug_macro   0x0000000000001d67      0x1f9 OutPutFile/ObjFiles/uart.o

.debug_line     0x0000000000000000      0xc50
 .debug_line    0x0000000000000000      0x35c OutPutFile/ObjFiles/main.o
 .debug_line    0x000000000000035c       0xc2 OutPutFile/ObjFiles/stm32_startup.o
 .debug_line    0x000000000000041e      0x255 OutPutFile/ObjFiles/gpio.o
 .debug_line    0x0000000000000673      0x10a OutPutFile/ObjFiles/nvic.o
 .debug_line    0x000000000000077d      0x428 OutPutFile/ObjFiles/uart.o
 .debug_line    0x0000000000000ba5       0x61 /usr/lib/gcc/arm-none-eabi/11.2.0/thumb/v6-m/nofp/libgcc.a(_udivsi3.o)
 .debug_line    0x0000000000000c06       0x4a /usr/lib/gcc/arm-none-eabi/11.2.0/thumb/v6-m/nofp/libgcc.a(_dvmd_tls.o)

.debug_str      0x0000000000000000     0x85b6
 .debug_str     0x0000000000000000     0x7ef8 OutPutFile/ObjFiles/main.o
                                       0x8067 (size before relaxing)
 .debug_str     0x0000000000007ef8       0xea OutPutFile/ObjFiles/stm32_startup.o
                                       0x2d4d (size before relaxing)
 .debug_str     0x0000000000007fe2      0x244 OutPutFile/ObjFiles/gpio.o
                                       0x3950 (size before relaxing)
 .debug_str     0x0000000000008226      0x1bf OutPutFile/ObjFiles/nvic.o
                                       0x36a7 (size before relaxing)
 .debug_str     0x00000000000083e5      0x16b OutPutFile/ObjFiles/uart.o
                                       0x7877 (size before relaxing)
 .debug_str     0x0000000000008550       0x66 /usr/lib/gcc/arm-none-eabi/11.2.0/thumb/v6-m/nofp/libgcc.a(_udivsi3.o)
 .debug_str     0x00000000000085b6       0x66 /usr/lib/gcc/arm-none-eabi/11.2.0/thumb/v6-m/nofp/libgcc.a(_dvmd_tls.o)

.debug_frame    0x0000000000000000     0x110c
 .debug_frame   0x0000000000000000       0xe8 OutPutFile/ObjFiles/main.o
 .debug_frame   0x00000000000000e8       0x4c OutPutFile/ObjFiles/stm32_startup.o
 .debug_frame   0x0000000000000134      0x150 OutPutFile/ObjFiles/gpio.o
 .debug_frame   0x0000000000000284       0xf0 OutPutFile/ObjFiles/nvic.o
 .debug_frame   0x0000000000000374      0x170 OutPutFile/ObjFiles/uart.o
 .debug_frame   0x00000000000004e4       0x20 /usr/lib/gcc/arm-none-eabi/11.2.0/thumb/v6-m/nofp/libgcc.a(_udivsi3.o)
 .debug_frame   0x0000000000000504       0x28 /usr/lib/gcc/arm-none-eabi/11.2.0/../../../../arm-none-eabi/lib/thumb/v6-m/nofp/libc_nano.a(lib_a-atexit.o)
 .debug_frame   0x000000000000052c       0x28 /usr/lib/gcc/arm-none-eabi/11.2.0/../../../../arm-none-eabi/lib/thumb/v6-m/nofp/libc_nano.a(lib_a-exit.o)
 .debug_frame   0x0000000000000554       0x2c /usr/lib/gcc/arm-none-eabi/11.2.0/../../../../arm-none-eabi/lib/thumb/v6-m/nofp/libc_nano.a(lib_a-fini.o)
 .debug_frame   0x0000000000000580       0x2c /usr/lib/gcc/arm-none-eabi/11.2.0/../../../../arm-none-eabi/lib/thumb/v6-m/nofp/libc_nano.a(lib_a-init.o)
 .debug_frame   0x00000000000005ac       0x20 /usr/lib/gcc/arm-none-eabi/11.2.0/../../../../arm-none-eabi/lib/thumb/v6-m/nofp/libc_nano.a(lib_a-memset.o)
 .debug_frame   0x00000000000005cc       0x48 /usr/lib/gcc/arm-none-eabi/11.2.0/../../../../arm-none-eabi/lib/thumb/v6-m/nofp/libc_nano.a(lib_a-putchar.o)
 .debug_frame   0x0000000000000614       0x44 /usr/lib/gcc/arm-none-eabi/11.2.0/../../../../arm-none-eabi/lib/thumb/v6-m/nofp/libc_nano.a(lib_a-putc.o)
 .debug_frame   0x0000000000000658       0x48 /usr/lib/gcc/arm-none-eabi/11.2.0/../../../../arm-none-eabi/lib/thumb/v6-m/nofp/libc_nano.a(lib_a-wbuf.o)
 .debug_frame   0x00000000000006a0       0x2c /usr/lib/gcc/arm-none-eabi/11.2.0/../../../../arm-none-eabi/lib/thumb/v6-m/nofp/libc_nano.a(lib_a-wsetup.o)
 .debug_frame   0x00000000000006cc       0x30 /usr/lib/gcc/arm-none-eabi/11.2.0/../../../../arm-none-eabi/lib/thumb/v6-m/nofp/libc_nano.a(lib_a-__atexit.o)
 .debug_frame   0x00000000000006fc       0x30 /usr/lib/gcc/arm-none-eabi/11.2.0/../../../../arm-none-eabi/lib/thumb/v6-m/nofp/libc_nano.a(lib_a-__call_atexit.o)
 .debug_frame   0x000000000000072c       0x68 /usr/lib/gcc/arm-none-eabi/11.2.0/../../../../arm-none-eabi/lib/thumb/v6-m/nofp/libc_nano.a(lib_a-fflush.o)
 .debug_frame   0x0000000000000794      0x170 /usr/lib/gcc/arm-none-eabi/11.2.0/../../../../arm-none-eabi/lib/thumb/v6-m/nofp/libc_nano.a(lib_a-findfp.o)
 .debug_frame   0x0000000000000904       0x58 /usr/lib/gcc/arm-none-eabi/11.2.0/../../../../arm-none-eabi/lib/thumb/v6-m/nofp/libc_nano.a(lib_a-fwalk.o)
 .debug_frame   0x000000000000095c       0xb0 /usr/lib/gcc/arm-none-eabi/11.2.0/../../../../arm-none-eabi/lib/thumb/v6-m/nofp/libc_nano.a(lib_a-lock.o)
 .debug_frame   0x0000000000000a0c       0x54 /usr/lib/gcc/arm-none-eabi/11.2.0/../../../../arm-none-eabi/lib/thumb/v6-m/nofp/libc_nano.a(lib_a-makebuf.o)
 .debug_frame   0x0000000000000a60       0x2c /usr/lib/gcc/arm-none-eabi/11.2.0/../../../../arm-none-eabi/lib/thumb/v6-m/nofp/libc_nano.a(lib_a-nano-freer.o)
 .debug_frame   0x0000000000000a8c       0x30 /usr/lib/gcc/arm-none-eabi/11.2.0/../../../../arm-none-eabi/lib/thumb/v6-m/nofp/libc_nano.a(lib_a-nano-mallocr.o)
 .debug_frame   0x0000000000000abc       0x2c /usr/lib/gcc/arm-none-eabi/11.2.0/../../../../arm-none-eabi/lib/thumb/v6-m/nofp/libc_nano.a(lib_a-sbrkr.o)
 .debug_frame   0x0000000000000ae8       0x90 /usr/lib/gcc/arm-none-eabi/11.2.0/../../../../arm-none-eabi/lib/thumb/v6-m/nofp/libc_nano.a(lib_a-stdio.o)
 .debug_frame   0x0000000000000b78       0x2c /usr/lib/gcc/arm-none-eabi/11.2.0/../../../../arm-none-eabi/lib/thumb/v6-m/nofp/libc_nano.a(lib_a-writer.o)
 .debug_frame   0x0000000000000ba4       0x2c /usr/lib/gcc/arm-none-eabi/11.2.0/../../../../arm-none-eabi/lib/thumb/v6-m/nofp/libc_nano.a(lib_a-closer.o)
 .debug_frame   0x0000000000000bd0       0x2c /usr/lib/gcc/arm-none-eabi/11.2.0/../../../../arm-none-eabi/lib/thumb/v6-m/nofp/libc_nano.a(lib_a-fstatr.o)
 .debug_frame   0x0000000000000bfc       0x2c /usr/lib/gcc/arm-none-eabi/11.2.0/../../../../arm-none-eabi/lib/thumb/v6-m/nofp/libc_nano.a(lib_a-isattyr.o)
 .debug_frame   0x0000000000000c28       0x2c /usr/lib/gcc/arm-none-eabi/11.2.0/../../../../arm-none-eabi/lib/thumb/v6-m/nofp/libc_nano.a(lib_a-lseekr.o)
 .debug_frame   0x0000000000000c54       0x40 /usr/lib/gcc/arm-none-eabi/11.2.0/../../../../arm-none-eabi/lib/thumb/v6-m/nofp/libc_nano.a(lib_a-mlock.o)
 .debug_frame   0x0000000000000c94       0x2c /usr/lib/gcc/arm-none-eabi/11.2.0/../../../../arm-none-eabi/lib/thumb/v6-m/nofp/libc_nano.a(lib_a-readr.o)
 .debug_frame   0x0000000000000cc0       0x48 /usr/lib/gcc/arm-none-eabi/11.2.0/../../../../arm-none-eabi/lib/thumb/v6-m/nofp/libc_nano.a(lib_a-reent.o)
 .debug_frame   0x0000000000000d08      0x374 /usr/lib/gcc/arm-none-eabi/11.2.0/../../../../arm-none-eabi/lib/thumb/v6-m/nofp/librdimon_nano.a(rdimon-syscalls.o)
 .debug_frame   0x000000000000107c       0x28 /usr/lib/gcc/arm-none-eabi/11.2.0/../../../../arm-none-eabi/lib/thumb/v6-m/nofp/librdimon_nano.a(rdimon-_exit.o)
 .debug_frame   0x00000000000010a4       0x48 /usr/lib/gcc/arm-none-eabi/11.2.0/../../../../arm-none-eabi/lib/thumb/v6-m/nofp/librdimon_nano.a(rdimon-_kill.o)
 .debug_frame   0x00000000000010ec       0x20 /usr/lib/gcc/arm-none-eabi/11.2.0/../../../../arm-none-eabi/lib/thumb/v6-m/nofp/libc_nano.a(lib_a-errno.o)

.debug_line_str
                0x0000000000000000       0x46
 .debug_line_str
                0x0000000000000000       0x46 /usr/lib/gcc/arm-none-eabi/11.2.0/thumb/v6-m/nofp/libgcc.a(_udivsi3.o)
                                         0x8c (size before relaxing)
 .debug_line_str
                0x0000000000000046       0x8c /usr/lib/gcc/arm-none-eabi/11.2.0/thumb/v6-m/nofp/libgcc.a(_dvmd_tls.o)
